Archive member included because of file (symbol)

/Users/muhsinfatih/developer/quadcopter/quadcopter/lib/STM32F4xx_StdPeriph_Driver/libstdperiph.a(stm32f4xx_usart.o)
                              /Users/muhsinfatih/developer/quadcopter/quadcopter/build/stm32f4xx_it.o (USART_GetITStatus)
/Users/muhsinfatih/developer/quadcopter/quadcopter/lib/STM32F4xx_StdPeriph_Driver/libstdperiph.a(stm32f4xx_rcc.o)
                              /Users/muhsinfatih/developer/quadcopter/quadcopter/lib/STM32F4xx_StdPeriph_Driver/libstdperiph.a(stm32f4xx_usart.o) (RCC_GetClocksFreq)

Allocating common symbols
Common symbol       size              file

receivedStr         0x100             /Users/muhsinfatih/developer/quadcopter/quadcopter/build/stm32f4xx_it.o

Discarded input sections

 .text          0x0000000000000000       0x70 /Users/muhsinfatih/developer/quadcopter/quadcopter/build/stm32f4xx_it.o
 .data          0x0000000000000000        0x0 /Users/muhsinfatih/developer/quadcopter/quadcopter/build/stm32f4xx_it.o
 .bss           0x0000000000000000        0x4 /Users/muhsinfatih/developer/quadcopter/quadcopter/build/stm32f4xx_it.o
 .debug_info    0x0000000000000000      0x32d /Users/muhsinfatih/developer/quadcopter/quadcopter/build/stm32f4xx_it.o
 .debug_abbrev  0x0000000000000000      0x17b /Users/muhsinfatih/developer/quadcopter/quadcopter/build/stm32f4xx_it.o
 .debug_loc     0x0000000000000000       0x1e /Users/muhsinfatih/developer/quadcopter/quadcopter/build/stm32f4xx_it.o
 .debug_aranges
                0x0000000000000000       0x20 /Users/muhsinfatih/developer/quadcopter/quadcopter/build/stm32f4xx_it.o
 .debug_ranges  0x0000000000000000       0x18 /Users/muhsinfatih/developer/quadcopter/quadcopter/build/stm32f4xx_it.o
 .debug_line    0x0000000000000000      0x23f /Users/muhsinfatih/developer/quadcopter/quadcopter/build/stm32f4xx_it.o
 .debug_str     0x0000000000000000      0x2e3 /Users/muhsinfatih/developer/quadcopter/quadcopter/build/stm32f4xx_it.o
 .comment       0x0000000000000000       0x71 /Users/muhsinfatih/developer/quadcopter/quadcopter/build/stm32f4xx_it.o
 .debug_frame   0x0000000000000000       0xc4 /Users/muhsinfatih/developer/quadcopter/quadcopter/build/stm32f4xx_it.o
 .ARM.attributes
                0x0000000000000000       0x33 /Users/muhsinfatih/developer/quadcopter/quadcopter/build/stm32f4xx_it.o
 COMMON         0x0000000000000000      0x100 /Users/muhsinfatih/developer/quadcopter/quadcopter/build/stm32f4xx_it.o
 .text          0x0000000000000000      0x168 /Users/muhsinfatih/developer/quadcopter/quadcopter/build/system_stm32f4xx.o
 .data          0x0000000000000000       0x14 /Users/muhsinfatih/developer/quadcopter/quadcopter/build/system_stm32f4xx.o
 .bss           0x0000000000000000        0x0 /Users/muhsinfatih/developer/quadcopter/quadcopter/build/system_stm32f4xx.o
 .debug_info    0x0000000000000000      0x5e2 /Users/muhsinfatih/developer/quadcopter/quadcopter/build/system_stm32f4xx.o
 .debug_abbrev  0x0000000000000000      0x145 /Users/muhsinfatih/developer/quadcopter/quadcopter/build/system_stm32f4xx.o
 .debug_loc     0x0000000000000000      0x13f /Users/muhsinfatih/developer/quadcopter/quadcopter/build/system_stm32f4xx.o
 .debug_aranges
                0x0000000000000000       0x20 /Users/muhsinfatih/developer/quadcopter/quadcopter/build/system_stm32f4xx.o
 .debug_ranges  0x0000000000000000       0x18 /Users/muhsinfatih/developer/quadcopter/quadcopter/build/system_stm32f4xx.o
 .debug_line    0x0000000000000000      0x200 /Users/muhsinfatih/developer/quadcopter/quadcopter/build/system_stm32f4xx.o
 .debug_str     0x0000000000000000      0x3d7 /Users/muhsinfatih/developer/quadcopter/quadcopter/build/system_stm32f4xx.o
 .comment       0x0000000000000000       0x71 /Users/muhsinfatih/developer/quadcopter/quadcopter/build/system_stm32f4xx.o
 .debug_frame   0x0000000000000000       0x3c /Users/muhsinfatih/developer/quadcopter/quadcopter/build/system_stm32f4xx.o
 .ARM.attributes
                0x0000000000000000       0x33 /Users/muhsinfatih/developer/quadcopter/quadcopter/build/system_stm32f4xx.o
 .text          0x0000000000000000       0x18 /Users/muhsinfatih/developer/quadcopter/quadcopter/build/CortexM4asmOps.o
 .data          0x0000000000000000        0x0 /Users/muhsinfatih/developer/quadcopter/quadcopter/build/CortexM4asmOps.o
 .bss           0x0000000000000000        0x0 /Users/muhsinfatih/developer/quadcopter/quadcopter/build/CortexM4asmOps.o
 .ARM.attributes
                0x0000000000000000       0x21 /Users/muhsinfatih/developer/quadcopter/quadcopter/build/CortexM4asmOps.o
 .text          0x0000000000000000      0x478 /Users/muhsinfatih/developer/quadcopter/quadcopter/lib/STM32F4xx_StdPeriph_Driver/libstdperiph.a(stm32f4xx_usart.o)
 .data          0x0000000000000000        0x0 /Users/muhsinfatih/developer/quadcopter/quadcopter/lib/STM32F4xx_StdPeriph_Driver/libstdperiph.a(stm32f4xx_usart.o)
 .bss           0x0000000000000000        0x0 /Users/muhsinfatih/developer/quadcopter/quadcopter/lib/STM32F4xx_StdPeriph_Driver/libstdperiph.a(stm32f4xx_usart.o)
 .debug_info    0x0000000000000000      0xb85 /Users/muhsinfatih/developer/quadcopter/quadcopter/lib/STM32F4xx_StdPeriph_Driver/libstdperiph.a(stm32f4xx_usart.o)
 .debug_abbrev  0x0000000000000000      0x1ed /Users/muhsinfatih/developer/quadcopter/quadcopter/lib/STM32F4xx_StdPeriph_Driver/libstdperiph.a(stm32f4xx_usart.o)
 .debug_loc     0x0000000000000000      0x917 /Users/muhsinfatih/developer/quadcopter/quadcopter/lib/STM32F4xx_StdPeriph_Driver/libstdperiph.a(stm32f4xx_usart.o)
 .debug_aranges
                0x0000000000000000       0x20 /Users/muhsinfatih/developer/quadcopter/quadcopter/lib/STM32F4xx_StdPeriph_Driver/libstdperiph.a(stm32f4xx_usart.o)
 .debug_line    0x0000000000000000      0x32c /Users/muhsinfatih/developer/quadcopter/quadcopter/lib/STM32F4xx_StdPeriph_Driver/libstdperiph.a(stm32f4xx_usart.o)
 .debug_str     0x0000000000000000      0x6f0 /Users/muhsinfatih/developer/quadcopter/quadcopter/lib/STM32F4xx_StdPeriph_Driver/libstdperiph.a(stm32f4xx_usart.o)
 .comment       0x0000000000000000       0x71 /Users/muhsinfatih/developer/quadcopter/quadcopter/lib/STM32F4xx_StdPeriph_Driver/libstdperiph.a(stm32f4xx_usart.o)
 .debug_frame   0x0000000000000000      0x274 /Users/muhsinfatih/developer/quadcopter/quadcopter/lib/STM32F4xx_StdPeriph_Driver/libstdperiph.a(stm32f4xx_usart.o)
 .ARM.attributes
                0x0000000000000000       0x33 /Users/muhsinfatih/developer/quadcopter/quadcopter/lib/STM32F4xx_StdPeriph_Driver/libstdperiph.a(stm32f4xx_usart.o)
 .text          0x0000000000000000      0x540 /Users/muhsinfatih/developer/quadcopter/quadcopter/lib/STM32F4xx_StdPeriph_Driver/libstdperiph.a(stm32f4xx_rcc.o)
 .data          0x0000000000000000       0x10 /Users/muhsinfatih/developer/quadcopter/quadcopter/lib/STM32F4xx_StdPeriph_Driver/libstdperiph.a(stm32f4xx_rcc.o)
 .bss           0x0000000000000000        0x0 /Users/muhsinfatih/developer/quadcopter/quadcopter/lib/STM32F4xx_StdPeriph_Driver/libstdperiph.a(stm32f4xx_rcc.o)
 .debug_info    0x0000000000000000      0xe91 /Users/muhsinfatih/developer/quadcopter/quadcopter/lib/STM32F4xx_StdPeriph_Driver/libstdperiph.a(stm32f4xx_rcc.o)
 .debug_abbrev  0x0000000000000000      0x260 /Users/muhsinfatih/developer/quadcopter/quadcopter/lib/STM32F4xx_StdPeriph_Driver/libstdperiph.a(stm32f4xx_rcc.o)
 .debug_loc     0x0000000000000000      0xd3c /Users/muhsinfatih/developer/quadcopter/quadcopter/lib/STM32F4xx_StdPeriph_Driver/libstdperiph.a(stm32f4xx_rcc.o)
 .debug_aranges
                0x0000000000000000       0x20 /Users/muhsinfatih/developer/quadcopter/quadcopter/lib/STM32F4xx_StdPeriph_Driver/libstdperiph.a(stm32f4xx_rcc.o)
 .debug_ranges  0x0000000000000000       0x20 /Users/muhsinfatih/developer/quadcopter/quadcopter/lib/STM32F4xx_StdPeriph_Driver/libstdperiph.a(stm32f4xx_rcc.o)
 .debug_line    0x0000000000000000      0x326 /Users/muhsinfatih/developer/quadcopter/quadcopter/lib/STM32F4xx_StdPeriph_Driver/libstdperiph.a(stm32f4xx_rcc.o)
 .debug_str     0x0000000000000000      0x9b6 /Users/muhsinfatih/developer/quadcopter/quadcopter/lib/STM32F4xx_StdPeriph_Driver/libstdperiph.a(stm32f4xx_rcc.o)
 .comment       0x0000000000000000       0x71 /Users/muhsinfatih/developer/quadcopter/quadcopter/lib/STM32F4xx_StdPeriph_Driver/libstdperiph.a(stm32f4xx_rcc.o)
 .debug_frame   0x0000000000000000      0x37c /Users/muhsinfatih/developer/quadcopter/quadcopter/lib/STM32F4xx_StdPeriph_Driver/libstdperiph.a(stm32f4xx_rcc.o)
 .ARM.attributes
                0x0000000000000000       0x33 /Users/muhsinfatih/developer/quadcopter/quadcopter/lib/STM32F4xx_StdPeriph_Driver/libstdperiph.a(stm32f4xx_rcc.o)

Memory Configuration

Name             Origin             Length             Attributes
FLASH            0x0000000008000000 0x0000000000100000 xr
RAM              0x0000000020000000 0x0000000000020000 xrw
CCM              0x0000000010000000 0x0000000000010000 xrw
*default*        0x0000000000000000 0xffffffffffffffff

Linker script and memory map

LOAD /Users/muhsinfatih/developer/quadcopter/quadcopter/build/stm32f4xx_it.o
LOAD /Users/muhsinfatih/developer/quadcopter/quadcopter/build/system_stm32f4xx.o
LOAD /Users/muhsinfatih/developer/quadcopter/quadcopter/build/CortexM4asmOps.o
LOAD /Users/muhsinfatih/developer/quadcopter/quadcopter/lib/STM32F4xx_StdPeriph_Driver/libstdperiph.a
LOAD /usr/local/Cellar/arm-none-eabi-gcc/20150921/bin/../lib/gcc/arm-none-eabi/4.9.3/../../../../arm-none-eabi/lib/armv7e-m/libc_nano.a
LOAD /usr/local/Cellar/arm-none-eabi-gcc/20150921/bin/../lib/gcc/arm-none-eabi/4.9.3/armv7e-m/libgcc.a
LOAD /usr/local/Cellar/arm-none-eabi-gcc/20150921/bin/../lib/gcc/arm-none-eabi/4.9.3/../../../../arm-none-eabi/lib/armv7e-m/libnosys.a
START GROUP
LOAD /usr/local/Cellar/arm-none-eabi-gcc/20150921/bin/../lib/gcc/arm-none-eabi/4.9.3/armv7e-m/libgcc.a
LOAD /usr/local/Cellar/arm-none-eabi-gcc/20150921/bin/../lib/gcc/arm-none-eabi/4.9.3/../../../../arm-none-eabi/lib/armv7e-m/libc_nano.a
END GROUP
START GROUP
LOAD /usr/local/Cellar/arm-none-eabi-gcc/20150921/bin/../lib/gcc/arm-none-eabi/4.9.3/armv7e-m/libgcc.a
LOAD /usr/local/Cellar/arm-none-eabi-gcc/20150921/bin/../lib/gcc/arm-none-eabi/4.9.3/../../../../arm-none-eabi/lib/armv7e-m/libc_nano.a
END GROUP
                0x0000000020020000                _estack = 0x20020000
                0x0000000000000000                _Min_Heap_Size = 0x0
                0x0000000000000400                _Min_Stack_Size = 0x400

.isr_vector     0x0000000008000000        0x0
                0x0000000008000000                . = ALIGN (0x4)
 *(.isr_vector)
                0x0000000008000000                . = ALIGN (0x4)

.text           0x0000000008000000        0x0
                0x0000000008000000                . = ALIGN (0x4)
 *(.text)
 *(.text*)
 *(.rodata)
 *(.rodata*)
 *(.glue_7)
 .glue_7        0x0000000000000000        0x0 linker stubs
 *(.glue_7t)
 .glue_7t       0x0000000000000000        0x0 linker stubs
 *(.eh_frame)
 *(.init)
 *(.fini)
                0x0000000008000000                . = ALIGN (0x4)
                0x0000000008000000                _etext = .
                0x0000000008000000                _exit = .

.vfp11_veneer   0x0000000008000000        0x0
 .vfp11_veneer  0x0000000000000000        0x0 linker stubs

.v4_bx          0x0000000008000000        0x0
 .v4_bx         0x0000000000000000        0x0 linker stubs

.iplt           0x0000000008000000        0x0
 .iplt          0x0000000000000000        0x0 /Users/muhsinfatih/developer/quadcopter/quadcopter/build/stm32f4xx_it.o

.rel.dyn        0x0000000008000000        0x0
 .rel.iplt      0x0000000000000000        0x0 /Users/muhsinfatih/developer/quadcopter/quadcopter/build/stm32f4xx_it.o

.ARM.extab
 *(.ARM.extab* .gnu.linkonce.armextab.*)

.ARM            0x0000000008000000        0x0
                0x0000000008000000                __exidx_start = .
 *(.ARM.exidx*)
                0x0000000008000000                __exidx_end = .

.preinit_array  0x0000000008000000        0x0
                0x0000000008000000                PROVIDE (__preinit_array_start, .)
 *(.preinit_array*)
                0x0000000008000000                PROVIDE (__preinit_array_end, .)

.init_array     0x0000000008000000        0x0
                0x0000000008000000                PROVIDE (__init_array_start, .)
 *(SORT(.init_array.*))
 *(.init_array*)
                0x0000000008000000                PROVIDE (__init_array_end, .)

.fini_array     0x0000000008000000        0x0
                0x0000000008000000                PROVIDE (__fini_array_start, .)
 *(.fini_array*)
 *(SORT(.fini_array.*))
                0x0000000008000000                PROVIDE (__fini_array_end, .)
                0x0000000008000000                __sidata = .

.data           0x0000000020000000        0x0 load address 0x0000000008000000
                0x0000000020000000                . = ALIGN (0x4)
                0x0000000020000000                _sdata = .
                0x0000000020000000                __data_start__ = _sdata
 *(.data)
 *(.data*)
                0x0000000020000000                . = ALIGN (0x4)
                0x0000000020000000                _edata = .
                0x0000000020000000                __data_end__ = _edata

.igot.plt       0x0000000020000000        0x0
 .igot.plt      0x0000000000000000        0x0 /Users/muhsinfatih/developer/quadcopter/quadcopter/build/stm32f4xx_it.o
                0x0000000020000000                . = ALIGN (0x4)

.bss            0x0000000020000000        0x0
                0x0000000020000000                _sbss = .
                0x0000000020000000                __bss_start__ = _sbss
 *(.bss)
 *(.bss*)
 *(COMMON)
                0x0000000020000000                . = ALIGN (0x4)
                0x0000000020000000                _ebss = .
                0x0000000020000000                __bss_end__ = _ebss

._user_heap_stack
                0x0000000020000000      0x400
                0x0000000020000000                . = ALIGN (0x4)
                0x0000000020000000                PROVIDE (end, .)
                0x0000000020000000                PROVIDE (_end, .)
                0x0000000020000000                . = (. + _Min_Heap_Size)
                0x0000000020000400                . = (. + _Min_Stack_Size)
 *fill*         0x0000000020000000      0x400 
                0x0000000020000400                . = ALIGN (0x4)
OUTPUT(/Users/muhsinfatih/developer/quadcopter/quadcopter/build/quadcopter.elf elf32-littlearm)

Cross Reference Table

Symbol                                            File
AHBPrescTable                                     /Users/muhsinfatih/developer/quadcopter/quadcopter/build/system_stm32f4xx.o
BusFault_Handler                                  /Users/muhsinfatih/developer/quadcopter/quadcopter/build/stm32f4xx_it.o
DebugMon_Handler                                  /Users/muhsinfatih/developer/quadcopter/quadcopter/build/stm32f4xx_it.o
HardFault_Handler                                 /Users/muhsinfatih/developer/quadcopter/quadcopter/build/stm32f4xx_it.o
MemManage_Handler                                 /Users/muhsinfatih/developer/quadcopter/quadcopter/build/stm32f4xx_it.o
NMI_Handler                                       /Users/muhsinfatih/developer/quadcopter/quadcopter/build/stm32f4xx_it.o
PendSV_Handler                                    /Users/muhsinfatih/developer/quadcopter/quadcopter/build/stm32f4xx_it.o
RCC_AHB1PeriphClockCmd                            /Users/muhsinfatih/developer/quadcopter/quadcopter/lib/STM32F4xx_StdPeriph_Driver/libstdperiph.a(stm32f4xx_rcc.o)
RCC_AHB1PeriphClockLPModeCmd                      /Users/muhsinfatih/developer/quadcopter/quadcopter/lib/STM32F4xx_StdPeriph_Driver/libstdperiph.a(stm32f4xx_rcc.o)
RCC_AHB1PeriphResetCmd                            /Users/muhsinfatih/developer/quadcopter/quadcopter/lib/STM32F4xx_StdPeriph_Driver/libstdperiph.a(stm32f4xx_rcc.o)
RCC_AHB2PeriphClockCmd                            /Users/muhsinfatih/developer/quadcopter/quadcopter/lib/STM32F4xx_StdPeriph_Driver/libstdperiph.a(stm32f4xx_rcc.o)
RCC_AHB2PeriphClockLPModeCmd                      /Users/muhsinfatih/developer/quadcopter/quadcopter/lib/STM32F4xx_StdPeriph_Driver/libstdperiph.a(stm32f4xx_rcc.o)
RCC_AHB2PeriphResetCmd                            /Users/muhsinfatih/developer/quadcopter/quadcopter/lib/STM32F4xx_StdPeriph_Driver/libstdperiph.a(stm32f4xx_rcc.o)
RCC_AHB3PeriphClockCmd                            /Users/muhsinfatih/developer/quadcopter/quadcopter/lib/STM32F4xx_StdPeriph_Driver/libstdperiph.a(stm32f4xx_rcc.o)
RCC_AHB3PeriphClockLPModeCmd                      /Users/muhsinfatih/developer/quadcopter/quadcopter/lib/STM32F4xx_StdPeriph_Driver/libstdperiph.a(stm32f4xx_rcc.o)
RCC_AHB3PeriphResetCmd                            /Users/muhsinfatih/developer/quadcopter/quadcopter/lib/STM32F4xx_StdPeriph_Driver/libstdperiph.a(stm32f4xx_rcc.o)
RCC_APB1PeriphClockCmd                            /Users/muhsinfatih/developer/quadcopter/quadcopter/lib/STM32F4xx_StdPeriph_Driver/libstdperiph.a(stm32f4xx_rcc.o)
RCC_APB1PeriphClockLPModeCmd                      /Users/muhsinfatih/developer/quadcopter/quadcopter/lib/STM32F4xx_StdPeriph_Driver/libstdperiph.a(stm32f4xx_rcc.o)
RCC_APB1PeriphResetCmd                            /Users/muhsinfatih/developer/quadcopter/quadcopter/lib/STM32F4xx_StdPeriph_Driver/libstdperiph.a(stm32f4xx_rcc.o)
                                                  /Users/muhsinfatih/developer/quadcopter/quadcopter/lib/STM32F4xx_StdPeriph_Driver/libstdperiph.a(stm32f4xx_usart.o)
RCC_APB2PeriphClockCmd                            /Users/muhsinfatih/developer/quadcopter/quadcopter/lib/STM32F4xx_StdPeriph_Driver/libstdperiph.a(stm32f4xx_rcc.o)
RCC_APB2PeriphClockLPModeCmd                      /Users/muhsinfatih/developer/quadcopter/quadcopter/lib/STM32F4xx_StdPeriph_Driver/libstdperiph.a(stm32f4xx_rcc.o)
RCC_APB2PeriphResetCmd                            /Users/muhsinfatih/developer/quadcopter/quadcopter/lib/STM32F4xx_StdPeriph_Driver/libstdperiph.a(stm32f4xx_rcc.o)
                                                  /Users/muhsinfatih/developer/quadcopter/quadcopter/lib/STM32F4xx_StdPeriph_Driver/libstdperiph.a(stm32f4xx_usart.o)
RCC_AdjustHSICalibrationValue                     /Users/muhsinfatih/developer/quadcopter/quadcopter/lib/STM32F4xx_StdPeriph_Driver/libstdperiph.a(stm32f4xx_rcc.o)
RCC_BackupResetCmd                                /Users/muhsinfatih/developer/quadcopter/quadcopter/lib/STM32F4xx_StdPeriph_Driver/libstdperiph.a(stm32f4xx_rcc.o)
RCC_ClearFlag                                     /Users/muhsinfatih/developer/quadcopter/quadcopter/lib/STM32F4xx_StdPeriph_Driver/libstdperiph.a(stm32f4xx_rcc.o)
RCC_ClearITPendingBit                             /Users/muhsinfatih/developer/quadcopter/quadcopter/lib/STM32F4xx_StdPeriph_Driver/libstdperiph.a(stm32f4xx_rcc.o)
RCC_ClockSecuritySystemCmd                        /Users/muhsinfatih/developer/quadcopter/quadcopter/lib/STM32F4xx_StdPeriph_Driver/libstdperiph.a(stm32f4xx_rcc.o)
RCC_DeInit                                        /Users/muhsinfatih/developer/quadcopter/quadcopter/lib/STM32F4xx_StdPeriph_Driver/libstdperiph.a(stm32f4xx_rcc.o)
RCC_GetClocksFreq                                 /Users/muhsinfatih/developer/quadcopter/quadcopter/lib/STM32F4xx_StdPeriph_Driver/libstdperiph.a(stm32f4xx_rcc.o)
                                                  /Users/muhsinfatih/developer/quadcopter/quadcopter/lib/STM32F4xx_StdPeriph_Driver/libstdperiph.a(stm32f4xx_usart.o)
RCC_GetFlagStatus                                 /Users/muhsinfatih/developer/quadcopter/quadcopter/lib/STM32F4xx_StdPeriph_Driver/libstdperiph.a(stm32f4xx_rcc.o)
RCC_GetITStatus                                   /Users/muhsinfatih/developer/quadcopter/quadcopter/lib/STM32F4xx_StdPeriph_Driver/libstdperiph.a(stm32f4xx_rcc.o)
RCC_GetSYSCLKSource                               /Users/muhsinfatih/developer/quadcopter/quadcopter/lib/STM32F4xx_StdPeriph_Driver/libstdperiph.a(stm32f4xx_rcc.o)
RCC_HCLKConfig                                    /Users/muhsinfatih/developer/quadcopter/quadcopter/lib/STM32F4xx_StdPeriph_Driver/libstdperiph.a(stm32f4xx_rcc.o)
RCC_HSEConfig                                     /Users/muhsinfatih/developer/quadcopter/quadcopter/lib/STM32F4xx_StdPeriph_Driver/libstdperiph.a(stm32f4xx_rcc.o)
RCC_HSICmd                                        /Users/muhsinfatih/developer/quadcopter/quadcopter/lib/STM32F4xx_StdPeriph_Driver/libstdperiph.a(stm32f4xx_rcc.o)
RCC_I2SCLKConfig                                  /Users/muhsinfatih/developer/quadcopter/quadcopter/lib/STM32F4xx_StdPeriph_Driver/libstdperiph.a(stm32f4xx_rcc.o)
RCC_ITConfig                                      /Users/muhsinfatih/developer/quadcopter/quadcopter/lib/STM32F4xx_StdPeriph_Driver/libstdperiph.a(stm32f4xx_rcc.o)
RCC_LSEConfig                                     /Users/muhsinfatih/developer/quadcopter/quadcopter/lib/STM32F4xx_StdPeriph_Driver/libstdperiph.a(stm32f4xx_rcc.o)
RCC_LSICmd                                        /Users/muhsinfatih/developer/quadcopter/quadcopter/lib/STM32F4xx_StdPeriph_Driver/libstdperiph.a(stm32f4xx_rcc.o)
RCC_LTDCCLKDivConfig                              /Users/muhsinfatih/developer/quadcopter/quadcopter/lib/STM32F4xx_StdPeriph_Driver/libstdperiph.a(stm32f4xx_rcc.o)
RCC_MCO1Config                                    /Users/muhsinfatih/developer/quadcopter/quadcopter/lib/STM32F4xx_StdPeriph_Driver/libstdperiph.a(stm32f4xx_rcc.o)
RCC_MCO2Config                                    /Users/muhsinfatih/developer/quadcopter/quadcopter/lib/STM32F4xx_StdPeriph_Driver/libstdperiph.a(stm32f4xx_rcc.o)
RCC_PCLK1Config                                   /Users/muhsinfatih/developer/quadcopter/quadcopter/lib/STM32F4xx_StdPeriph_Driver/libstdperiph.a(stm32f4xx_rcc.o)
RCC_PCLK2Config                                   /Users/muhsinfatih/developer/quadcopter/quadcopter/lib/STM32F4xx_StdPeriph_Driver/libstdperiph.a(stm32f4xx_rcc.o)
RCC_PLLCmd                                        /Users/muhsinfatih/developer/quadcopter/quadcopter/lib/STM32F4xx_StdPeriph_Driver/libstdperiph.a(stm32f4xx_rcc.o)
RCC_PLLConfig                                     /Users/muhsinfatih/developer/quadcopter/quadcopter/lib/STM32F4xx_StdPeriph_Driver/libstdperiph.a(stm32f4xx_rcc.o)
RCC_PLLI2SCmd                                     /Users/muhsinfatih/developer/quadcopter/quadcopter/lib/STM32F4xx_StdPeriph_Driver/libstdperiph.a(stm32f4xx_rcc.o)
RCC_PLLI2SConfig                                  /Users/muhsinfatih/developer/quadcopter/quadcopter/lib/STM32F4xx_StdPeriph_Driver/libstdperiph.a(stm32f4xx_rcc.o)
RCC_PLLSAICmd                                     /Users/muhsinfatih/developer/quadcopter/quadcopter/lib/STM32F4xx_StdPeriph_Driver/libstdperiph.a(stm32f4xx_rcc.o)
RCC_PLLSAIConfig                                  /Users/muhsinfatih/developer/quadcopter/quadcopter/lib/STM32F4xx_StdPeriph_Driver/libstdperiph.a(stm32f4xx_rcc.o)
RCC_RTCCLKCmd                                     /Users/muhsinfatih/developer/quadcopter/quadcopter/lib/STM32F4xx_StdPeriph_Driver/libstdperiph.a(stm32f4xx_rcc.o)
RCC_RTCCLKConfig                                  /Users/muhsinfatih/developer/quadcopter/quadcopter/lib/STM32F4xx_StdPeriph_Driver/libstdperiph.a(stm32f4xx_rcc.o)
RCC_SAIBlockACLKConfig                            /Users/muhsinfatih/developer/quadcopter/quadcopter/lib/STM32F4xx_StdPeriph_Driver/libstdperiph.a(stm32f4xx_rcc.o)
RCC_SAIBlockBCLKConfig                            /Users/muhsinfatih/developer/quadcopter/quadcopter/lib/STM32F4xx_StdPeriph_Driver/libstdperiph.a(stm32f4xx_rcc.o)
RCC_SAIPLLI2SClkDivConfig                         /Users/muhsinfatih/developer/quadcopter/quadcopter/lib/STM32F4xx_StdPeriph_Driver/libstdperiph.a(stm32f4xx_rcc.o)
RCC_SAIPLLSAIClkDivConfig                         /Users/muhsinfatih/developer/quadcopter/quadcopter/lib/STM32F4xx_StdPeriph_Driver/libstdperiph.a(stm32f4xx_rcc.o)
RCC_SYSCLKConfig                                  /Users/muhsinfatih/developer/quadcopter/quadcopter/lib/STM32F4xx_StdPeriph_Driver/libstdperiph.a(stm32f4xx_rcc.o)
RCC_TIMCLKPresConfig                              /Users/muhsinfatih/developer/quadcopter/quadcopter/lib/STM32F4xx_StdPeriph_Driver/libstdperiph.a(stm32f4xx_rcc.o)
RCC_WaitForHSEStartUp                             /Users/muhsinfatih/developer/quadcopter/quadcopter/lib/STM32F4xx_StdPeriph_Driver/libstdperiph.a(stm32f4xx_rcc.o)
SVC_Handler                                       /Users/muhsinfatih/developer/quadcopter/quadcopter/build/stm32f4xx_it.o
SysTick_Handler                                   /Users/muhsinfatih/developer/quadcopter/quadcopter/build/stm32f4xx_it.o
SystemCoreClock                                   /Users/muhsinfatih/developer/quadcopter/quadcopter/build/system_stm32f4xx.o
SystemCoreClockUpdate                             /Users/muhsinfatih/developer/quadcopter/quadcopter/build/system_stm32f4xx.o
SystemInit                                        /Users/muhsinfatih/developer/quadcopter/quadcopter/build/system_stm32f4xx.o
USART2_IRQHandler                                 /Users/muhsinfatih/developer/quadcopter/quadcopter/build/stm32f4xx_it.o
USART_ClearFlag                                   /Users/muhsinfatih/developer/quadcopter/quadcopter/lib/STM32F4xx_StdPeriph_Driver/libstdperiph.a(stm32f4xx_usart.o)
USART_ClearITPendingBit                           /Users/muhsinfatih/developer/quadcopter/quadcopter/lib/STM32F4xx_StdPeriph_Driver/libstdperiph.a(stm32f4xx_usart.o)
USART_ClockInit                                   /Users/muhsinfatih/developer/quadcopter/quadcopter/lib/STM32F4xx_StdPeriph_Driver/libstdperiph.a(stm32f4xx_usart.o)
USART_ClockStructInit                             /Users/muhsinfatih/developer/quadcopter/quadcopter/lib/STM32F4xx_StdPeriph_Driver/libstdperiph.a(stm32f4xx_usart.o)
USART_Cmd                                         /Users/muhsinfatih/developer/quadcopter/quadcopter/lib/STM32F4xx_StdPeriph_Driver/libstdperiph.a(stm32f4xx_usart.o)
USART_DMACmd                                      /Users/muhsinfatih/developer/quadcopter/quadcopter/lib/STM32F4xx_StdPeriph_Driver/libstdperiph.a(stm32f4xx_usart.o)
USART_DeInit                                      /Users/muhsinfatih/developer/quadcopter/quadcopter/lib/STM32F4xx_StdPeriph_Driver/libstdperiph.a(stm32f4xx_usart.o)
USART_GetFlagStatus                               /Users/muhsinfatih/developer/quadcopter/quadcopter/lib/STM32F4xx_StdPeriph_Driver/libstdperiph.a(stm32f4xx_usart.o)
USART_GetITStatus                                 /Users/muhsinfatih/developer/quadcopter/quadcopter/lib/STM32F4xx_StdPeriph_Driver/libstdperiph.a(stm32f4xx_usart.o)
                                                  /Users/muhsinfatih/developer/quadcopter/quadcopter/build/stm32f4xx_it.o
USART_HalfDuplexCmd                               /Users/muhsinfatih/developer/quadcopter/quadcopter/lib/STM32F4xx_StdPeriph_Driver/libstdperiph.a(stm32f4xx_usart.o)
USART_ITConfig                                    /Users/muhsinfatih/developer/quadcopter/quadcopter/lib/STM32F4xx_StdPeriph_Driver/libstdperiph.a(stm32f4xx_usart.o)
USART_Init                                        /Users/muhsinfatih/developer/quadcopter/quadcopter/lib/STM32F4xx_StdPeriph_Driver/libstdperiph.a(stm32f4xx_usart.o)
USART_IrDACmd                                     /Users/muhsinfatih/developer/quadcopter/quadcopter/lib/STM32F4xx_StdPeriph_Driver/libstdperiph.a(stm32f4xx_usart.o)
USART_IrDAConfig                                  /Users/muhsinfatih/developer/quadcopter/quadcopter/lib/STM32F4xx_StdPeriph_Driver/libstdperiph.a(stm32f4xx_usart.o)
USART_LINBreakDetectLengthConfig                  /Users/muhsinfatih/developer/quadcopter/quadcopter/lib/STM32F4xx_StdPeriph_Driver/libstdperiph.a(stm32f4xx_usart.o)
USART_LINCmd                                      /Users/muhsinfatih/developer/quadcopter/quadcopter/lib/STM32F4xx_StdPeriph_Driver/libstdperiph.a(stm32f4xx_usart.o)
USART_OneBitMethodCmd                             /Users/muhsinfatih/developer/quadcopter/quadcopter/lib/STM32F4xx_StdPeriph_Driver/libstdperiph.a(stm32f4xx_usart.o)
USART_OverSampling8Cmd                            /Users/muhsinfatih/developer/quadcopter/quadcopter/lib/STM32F4xx_StdPeriph_Driver/libstdperiph.a(stm32f4xx_usart.o)
USART_ReceiveData                                 /Users/muhsinfatih/developer/quadcopter/quadcopter/lib/STM32F4xx_StdPeriph_Driver/libstdperiph.a(stm32f4xx_usart.o)
USART_ReceiverWakeUpCmd                           /Users/muhsinfatih/developer/quadcopter/quadcopter/lib/STM32F4xx_StdPeriph_Driver/libstdperiph.a(stm32f4xx_usart.o)
USART_SendBreak                                   /Users/muhsinfatih/developer/quadcopter/quadcopter/lib/STM32F4xx_StdPeriph_Driver/libstdperiph.a(stm32f4xx_usart.o)
USART_SendData                                    /Users/muhsinfatih/developer/quadcopter/quadcopter/lib/STM32F4xx_StdPeriph_Driver/libstdperiph.a(stm32f4xx_usart.o)
USART_SetAddress                                  /Users/muhsinfatih/developer/quadcopter/quadcopter/lib/STM32F4xx_StdPeriph_Driver/libstdperiph.a(stm32f4xx_usart.o)
USART_SetGuardTime                                /Users/muhsinfatih/developer/quadcopter/quadcopter/lib/STM32F4xx_StdPeriph_Driver/libstdperiph.a(stm32f4xx_usart.o)
USART_SetPrescaler                                /Users/muhsinfatih/developer/quadcopter/quadcopter/lib/STM32F4xx_StdPeriph_Driver/libstdperiph.a(stm32f4xx_usart.o)
USART_SmartCardCmd                                /Users/muhsinfatih/developer/quadcopter/quadcopter/lib/STM32F4xx_StdPeriph_Driver/libstdperiph.a(stm32f4xx_usart.o)
USART_SmartCardNACKCmd                            /Users/muhsinfatih/developer/quadcopter/quadcopter/lib/STM32F4xx_StdPeriph_Driver/libstdperiph.a(stm32f4xx_usart.o)
USART_StructInit                                  /Users/muhsinfatih/developer/quadcopter/quadcopter/lib/STM32F4xx_StdPeriph_Driver/libstdperiph.a(stm32f4xx_usart.o)
USART_WakeUpConfig                                /Users/muhsinfatih/developer/quadcopter/quadcopter/lib/STM32F4xx_StdPeriph_Driver/libstdperiph.a(stm32f4xx_usart.o)
UsageFault_Handler                                /Users/muhsinfatih/developer/quadcopter/quadcopter/build/stm32f4xx_it.o
receivedStr                                       /Users/muhsinfatih/developer/quadcopter/quadcopter/build/stm32f4xx_it.o
turnOffLED                                        /Users/muhsinfatih/developer/quadcopter/quadcopter/build/CortexM4asmOps.o
turnOnLED                                         /Users/muhsinfatih/developer/quadcopter/quadcopter/build/CortexM4asmOps.o
usart_puts                                        /Users/muhsinfatih/developer/quadcopter/quadcopter/build/stm32f4xx_it.o
