Archive member included because of file (symbol)

/Users/muhsinfatih/developer/quadcopter/quadcopter/lib/STM32F4xx_StdPeriph_Driver/libstdperiph.a(stm32f4xx_rcc.o)
                              /Users/muhsinfatih/developer/quadcopter/quadcopter/build/main.o (RCC_AHB1PeriphClockCmd)
/Users/muhsinfatih/developer/quadcopter/quadcopter/lib/STM32F4xx_StdPeriph_Driver/libstdperiph.a(stm32f4xx_gpio.o)
                              /Users/muhsinfatih/developer/quadcopter/quadcopter/build/main.o (GPIO_Init)

Allocating common symbols
Common symbol       size              file

msTicks             0x4               /Users/muhsinfatih/developer/quadcopter/quadcopter/build/main.o

Discarded input sections

 .bss           0x0000000000000000        0x0 /Users/muhsinfatih/developer/quadcopter/quadcopter/build/main.o
 .data          0x0000000000000000        0x0 /Users/muhsinfatih/developer/quadcopter/quadcopter/build/startup_stm32f4xx.o
 .bss           0x0000000000000000        0x0 /Users/muhsinfatih/developer/quadcopter/quadcopter/build/startup_stm32f4xx.o
 .data          0x0000000000000000        0x0 /Users/muhsinfatih/developer/quadcopter/quadcopter/build/stm32f4xx_it.o
 .bss           0x0000000000000000        0x0 /Users/muhsinfatih/developer/quadcopter/quadcopter/build/stm32f4xx_it.o
 .bss           0x0000000000000000        0x0 /Users/muhsinfatih/developer/quadcopter/quadcopter/build/system_stm32f4xx.o
 .text          0x0000000000000000       0x18 /Users/muhsinfatih/developer/quadcopter/quadcopter/build/CortexM4asmOps.o
 .data          0x0000000000000000        0x0 /Users/muhsinfatih/developer/quadcopter/quadcopter/build/CortexM4asmOps.o
 .bss           0x0000000000000000        0x0 /Users/muhsinfatih/developer/quadcopter/quadcopter/build/CortexM4asmOps.o
 .ARM.attributes
                0x0000000000000000       0x21 /Users/muhsinfatih/developer/quadcopter/quadcopter/build/CortexM4asmOps.o
 .bss           0x0000000000000000        0x0 /Users/muhsinfatih/developer/quadcopter/quadcopter/lib/STM32F4xx_StdPeriph_Driver/libstdperiph.a(stm32f4xx_rcc.o)
 .data          0x0000000000000000        0x0 /Users/muhsinfatih/developer/quadcopter/quadcopter/lib/STM32F4xx_StdPeriph_Driver/libstdperiph.a(stm32f4xx_gpio.o)
 .bss           0x0000000000000000        0x0 /Users/muhsinfatih/developer/quadcopter/quadcopter/lib/STM32F4xx_StdPeriph_Driver/libstdperiph.a(stm32f4xx_gpio.o)

Memory Configuration

Name             Origin             Length             Attributes
FLASH            0x0000000008000000 0x0000000000100000 xr
RAM              0x0000000020000000 0x0000000000020000 xrw
CCM              0x0000000010000000 0x0000000000010000 xrw
*default*        0x0000000000000000 0xffffffffffffffff

Linker script and memory map

LOAD /Users/muhsinfatih/developer/quadcopter/quadcopter/build/main.o
LOAD /Users/muhsinfatih/developer/quadcopter/quadcopter/build/startup_stm32f4xx.o
LOAD /Users/muhsinfatih/developer/quadcopter/quadcopter/build/stm32f4xx_it.o
LOAD /Users/muhsinfatih/developer/quadcopter/quadcopter/build/system_stm32f4xx.o
LOAD /Users/muhsinfatih/developer/quadcopter/quadcopter/build/CortexM4asmOps.o
LOAD /Users/muhsinfatih/developer/quadcopter/quadcopter/lib/STM32F4xx_StdPeriph_Driver/libstdperiph.a
LOAD /usr/local/Cellar/arm-none-eabi-gcc/20150921/bin/../lib/gcc/arm-none-eabi/4.9.3/../../../../arm-none-eabi/lib/armv7e-m/libc_nano.a
LOAD /usr/local/Cellar/arm-none-eabi-gcc/20150921/bin/../lib/gcc/arm-none-eabi/4.9.3/armv7e-m/libgcc.a
LOAD /usr/local/Cellar/arm-none-eabi-gcc/20150921/bin/../lib/gcc/arm-none-eabi/4.9.3/../../../../arm-none-eabi/lib/armv7e-m/libnosys.a
START GROUP
LOAD /usr/local/Cellar/arm-none-eabi-gcc/20150921/bin/../lib/gcc/arm-none-eabi/4.9.3/armv7e-m/libgcc.a
LOAD /usr/local/Cellar/arm-none-eabi-gcc/20150921/bin/../lib/gcc/arm-none-eabi/4.9.3/../../../../arm-none-eabi/lib/armv7e-m/libc_nano.a
END GROUP
START GROUP
LOAD /usr/local/Cellar/arm-none-eabi-gcc/20150921/bin/../lib/gcc/arm-none-eabi/4.9.3/armv7e-m/libgcc.a
LOAD /usr/local/Cellar/arm-none-eabi-gcc/20150921/bin/../lib/gcc/arm-none-eabi/4.9.3/../../../../arm-none-eabi/lib/armv7e-m/libc_nano.a
END GROUP
                0x0000000020020000                _estack = 0x20020000
                0x0000000000000000                _Min_Heap_Size = 0x0
                0x0000000000000400                _Min_Stack_Size = 0x400

.isr_vector     0x0000000008000000      0x188
                0x0000000008000000                . = ALIGN (0x4)
 *(.isr_vector)
 .isr_vector    0x0000000008000000      0x188 /Users/muhsinfatih/developer/quadcopter/quadcopter/build/startup_stm32f4xx.o
                0x0000000008000000                g_pfnVectors
                0x0000000008000188                . = ALIGN (0x4)

.text           0x0000000008000188      0xb8c
                0x0000000008000188                . = ALIGN (0x4)
 *(.text)
 .text          0x0000000008000188       0xfc /Users/muhsinfatih/developer/quadcopter/quadcopter/build/main.o
                0x0000000008000188                enableSysTick
                0x0000000008000194                disableSysTick
                0x00000000080001a0                SysTick_Handler
                0x00000000080001b0                setSysTick
                0x00000000080001f4                gpio
                0x0000000008000218                loop
 .text          0x0000000008000284       0x74 /Users/muhsinfatih/developer/quadcopter/quadcopter/build/startup_stm32f4xx.o
                0x0000000008000284                DMA1_Stream3_IRQHandler
                0x0000000008000284                HASH_RNG_IRQHandler
                0x0000000008000284                EXTI2_IRQHandler
                0x0000000008000284                TIM8_CC_IRQHandler
                0x0000000008000284                DebugMon_Handler
                0x0000000008000284                TIM1_CC_IRQHandler
                0x0000000008000284                DMA2_Stream5_IRQHandler
                0x0000000008000284                DMA1_Stream5_IRQHandler
                0x0000000008000284                PVD_IRQHandler
                0x0000000008000284                SDIO_IRQHandler
                0x0000000008000284                TAMP_STAMP_IRQHandler
                0x0000000008000284                PendSV_Handler
                0x0000000008000284                CAN2_RX1_IRQHandler
                0x0000000008000284                EXTI3_IRQHandler
                0x0000000008000284                TIM8_TRG_COM_TIM14_IRQHandler
                0x0000000008000284                TIM1_UP_TIM10_IRQHandler
                0x0000000008000284                TIM8_UP_TIM13_IRQHandler
                0x0000000008000284                I2C3_ER_IRQHandler
                0x0000000008000284                EXTI0_IRQHandler
                0x0000000008000284                I2C2_EV_IRQHandler
                0x0000000008000284                DMA1_Stream2_IRQHandler
                0x0000000008000284                CAN1_RX0_IRQHandler
                0x0000000008000284                FPU_IRQHandler
                0x0000000008000284                OTG_HS_WKUP_IRQHandler
                0x0000000008000284                UsageFault_Handler
                0x0000000008000284                CAN2_SCE_IRQHandler
                0x0000000008000284                DMA2_Stream2_IRQHandler
                0x0000000008000284                SPI1_IRQHandler
                0x0000000008000284                TIM6_DAC_IRQHandler
                0x0000000008000284                TIM1_BRK_TIM9_IRQHandler
                0x0000000008000284                DCMI_IRQHandler
                0x0000000008000284                CAN2_RX0_IRQHandler
                0x0000000008000284                DMA2_Stream3_IRQHandler
                0x0000000008000284                USART6_IRQHandler
                0x0000000008000284                USART3_IRQHandler
                0x0000000008000284                CRYP_IRQHandler
                0x0000000008000284                RTC_Alarm_IRQHandler
                0x0000000008000284                CAN1_RX1_IRQHandler
                0x0000000008000284                UART5_IRQHandler
                0x0000000008000284                DMA2_Stream0_IRQHandler
                0x0000000008000284                TIM4_IRQHandler
                0x0000000008000284                I2C1_EV_IRQHandler
                0x0000000008000284                DMA1_Stream6_IRQHandler
                0x0000000008000284                DMA1_Stream1_IRQHandler
                0x0000000008000284                UART4_IRQHandler
                0x0000000008000284                TIM3_IRQHandler
                0x0000000008000284                RCC_IRQHandler
                0x0000000008000284                TIM8_BRK_TIM12_IRQHandler
                0x0000000008000284                Default_Handler
                0x0000000008000284                EXTI15_10_IRQHandler
                0x0000000008000284                ADC_IRQHandler
                0x0000000008000284                DMA1_Stream7_IRQHandler
                0x0000000008000284                TIM7_IRQHandler
                0x0000000008000284                CAN2_TX_IRQHandler
                0x0000000008000284                TIM5_IRQHandler
                0x0000000008000284                DMA2_Stream7_IRQHandler
                0x0000000008000284                I2C3_EV_IRQHandler
                0x0000000008000284                EXTI9_5_IRQHandler
                0x0000000008000284                RTC_WKUP_IRQHandler
                0x0000000008000284                ETH_WKUP_IRQHandler
                0x0000000008000284                SPI2_IRQHandler
                0x0000000008000284                OTG_HS_EP1_IN_IRQHandler
                0x0000000008000284                MemManage_Handler
                0x0000000008000284                DMA1_Stream0_IRQHandler
                0x0000000008000284                CAN1_TX_IRQHandler
                0x0000000008000284                SVC_Handler
                0x0000000008000284                EXTI4_IRQHandler
                0x0000000008000284                FSMC_IRQHandler
                0x0000000008000284                ETH_IRQHandler
                0x0000000008000284                OTG_HS_EP1_OUT_IRQHandler
                0x0000000008000284                WWDG_IRQHandler
                0x0000000008000284                TIM2_IRQHandler
                0x0000000008000284                OTG_FS_WKUP_IRQHandler
                0x0000000008000284                TIM1_TRG_COM_TIM11_IRQHandler
                0x0000000008000284                OTG_HS_IRQHandler
                0x0000000008000284                EXTI1_IRQHandler
                0x0000000008000284                USART2_IRQHandler
                0x0000000008000284                I2C2_ER_IRQHandler
                0x0000000008000284                DMA2_Stream1_IRQHandler
                0x0000000008000284                CAN1_SCE_IRQHandler
                0x0000000008000284                FLASH_IRQHandler
                0x0000000008000284                DMA2_Stream4_IRQHandler
                0x0000000008000284                BusFault_Handler
                0x0000000008000284                USART1_IRQHandler
                0x0000000008000284                OTG_FS_IRQHandler
                0x0000000008000284                SPI3_IRQHandler
                0x0000000008000284                DMA1_Stream4_IRQHandler
                0x0000000008000284                I2C1_ER_IRQHandler
                0x0000000008000284                DMA2_Stream6_IRQHandler
                0x0000000008000288                Reset_Handler
 .text          0x00000000080002f8       0x24 /Users/muhsinfatih/developer/quadcopter/quadcopter/build/stm32f4xx_it.o
                0x00000000080002f8                NMI_Handler
                0x00000000080002fc                HardFault_Handler
 .text          0x000000000800031c      0x168 /Users/muhsinfatih/developer/quadcopter/quadcopter/build/system_stm32f4xx.o
                0x000000000800031c                SystemInit
                0x0000000008000410                SystemCoreClockUpdate
 .text          0x0000000008000484      0x540 /Users/muhsinfatih/developer/quadcopter/quadcopter/lib/STM32F4xx_StdPeriph_Driver/libstdperiph.a(stm32f4xx_rcc.o)
                0x0000000008000484                RCC_DeInit
                0x00000000080004d4                RCC_HSEConfig
                0x00000000080004e4                RCC_WaitForHSEStartUp
                0x0000000008000518                RCC_AdjustHSICalibrationValue
                0x000000000800052c                RCC_HSICmd
                0x0000000008000538                RCC_LSEConfig
                0x0000000008000558                RCC_LSICmd
                0x0000000008000564                RCC_PLLConfig
                0x0000000008000588                RCC_PLLCmd
                0x0000000008000594                RCC_PLLI2SConfig
                0x00000000080005a8                RCC_PLLI2SCmd
                0x00000000080005b4                RCC_PLLSAIConfig
                0x00000000080005cc                RCC_PLLSAICmd
                0x00000000080005d8                RCC_ClockSecuritySystemCmd
                0x00000000080005e4                RCC_MCO1Config
                0x00000000080005f8                RCC_MCO2Config
                0x000000000800060c                RCC_SYSCLKConfig
                0x0000000008000620                RCC_GetSYSCLKSource
                0x0000000008000630                RCC_HCLKConfig
                0x0000000008000644                RCC_PCLK1Config
                0x0000000008000658                RCC_PCLK2Config
                0x000000000800066c                RCC_GetClocksFreq
                0x0000000008000704                RCC_RTCCLKConfig
                0x0000000008000734                RCC_RTCCLKCmd
                0x0000000008000740                RCC_BackupResetCmd
                0x000000000800074c                RCC_I2SCLKConfig
                0x0000000008000758                RCC_SAIPLLI2SClkDivConfig
                0x0000000008000770                RCC_SAIPLLSAIClkDivConfig
                0x000000000800078c                RCC_SAIBlockACLKConfig
                0x00000000080007a4                RCC_SAIBlockBCLKConfig
                0x00000000080007bc                RCC_LTDCCLKDivConfig
                0x00000000080007d4                RCC_TIMCLKPresConfig
                0x00000000080007e0                RCC_AHB1PeriphClockCmd
                0x00000000080007f8                RCC_AHB2PeriphClockCmd
                0x0000000008000810                RCC_AHB3PeriphClockCmd
                0x0000000008000828                RCC_APB1PeriphClockCmd
                0x0000000008000840                RCC_APB2PeriphClockCmd
                0x0000000008000858                RCC_AHB1PeriphResetCmd
                0x0000000008000870                RCC_AHB2PeriphResetCmd
                0x0000000008000888                RCC_AHB3PeriphResetCmd
                0x00000000080008a0                RCC_APB1PeriphResetCmd
                0x00000000080008b8                RCC_APB2PeriphResetCmd
                0x00000000080008d0                RCC_AHB1PeriphClockLPModeCmd
                0x00000000080008e8                RCC_AHB2PeriphClockLPModeCmd
                0x0000000008000900                RCC_AHB3PeriphClockLPModeCmd
                0x0000000008000918                RCC_APB1PeriphClockLPModeCmd
                0x0000000008000930                RCC_APB2PeriphClockLPModeCmd
                0x0000000008000948                RCC_ITConfig
                0x0000000008000960                RCC_GetFlagStatus
                0x0000000008000994                RCC_ClearFlag
                0x00000000080009a4                RCC_GetITStatus
                0x00000000080009b8                RCC_ClearITPendingBit
 .text          0x00000000080009c4      0x2b8 /Users/muhsinfatih/developer/quadcopter/quadcopter/lib/STM32F4xx_StdPeriph_Driver/libstdperiph.a(stm32f4xx_gpio.o)
                0x00000000080009c4                GPIO_DeInit
                0x0000000008000b20                GPIO_Init
                0x0000000008000bd4                GPIO_StructInit
                0x0000000008000be8                GPIO_PinLockConfig
                0x0000000008000c0c                GPIO_ReadInputDataBit
                0x0000000008000c18                GPIO_ReadInputData
                0x0000000008000c20                GPIO_ReadOutputDataBit
                0x0000000008000c2c                GPIO_ReadOutputData
                0x0000000008000c34                GPIO_SetBits
                0x0000000008000c38                GPIO_ResetBits
                0x0000000008000c3c                GPIO_WriteBit
                0x0000000008000c48                GPIO_Write
                0x0000000008000c4c                GPIO_ToggleBits
                0x0000000008000c54                GPIO_PinAFConfig
 *(.text*)
 .text.startup  0x0000000008000c7c       0x98 /Users/muhsinfatih/developer/quadcopter/quadcopter/build/main.o
                0x0000000008000c7c                main
 *(.rodata)
 *(.rodata*)
 *(.glue_7)
 .glue_7        0x0000000000000000        0x0 linker stubs
 *(.glue_7t)
 .glue_7t       0x0000000000000000        0x0 linker stubs
 *(.eh_frame)
 *(.init)
 *(.fini)
                0x0000000008000d14                . = ALIGN (0x4)
                0x0000000008000d14                _etext = .
                0x0000000008000d14                _exit = .

.vfp11_veneer   0x0000000008000d14        0x0
 .vfp11_veneer  0x0000000000000000        0x0 linker stubs

.v4_bx          0x0000000008000d14        0x0
 .v4_bx         0x0000000000000000        0x0 linker stubs

.iplt           0x0000000008000d14        0x0
 .iplt          0x0000000000000000        0x0 /Users/muhsinfatih/developer/quadcopter/quadcopter/build/main.o

.rel.dyn        0x0000000008000d14        0x0
 .rel.iplt      0x0000000000000000        0x0 /Users/muhsinfatih/developer/quadcopter/quadcopter/build/main.o

.ARM.extab
 *(.ARM.extab* .gnu.linkonce.armextab.*)

.ARM            0x0000000008000d14        0x0
                0x0000000008000d14                __exidx_start = .
 *(.ARM.exidx*)
                0x0000000008000d14                __exidx_end = .

.preinit_array  0x0000000008000d14        0x0
                0x0000000008000d14                PROVIDE (__preinit_array_start, .)
 *(.preinit_array*)
                0x0000000008000d14                PROVIDE (__preinit_array_end, .)

.init_array     0x0000000008000d14        0x0
                0x0000000008000d14                PROVIDE (__init_array_start, .)
 *(SORT(.init_array.*))
 *(.init_array*)
                0x0000000008000d14                PROVIDE (__init_array_end, .)

.fini_array     0x0000000008000d14        0x0
                0x0000000008000d14                PROVIDE (__fini_array_start, .)
 *(.fini_array*)
 *(SORT(.fini_array.*))
                0x0000000008000d14                PROVIDE (__fini_array_end, .)
                0x0000000008000d14                __sidata = .

.data           0x0000000020000000       0x28 load address 0x0000000008000d14
                0x0000000020000000                . = ALIGN (0x4)
                0x0000000020000000                _sdata = .
                0x0000000020000000                __data_start__ = _sdata
 *(.data)
 .data          0x0000000020000000        0x1 /Users/muhsinfatih/developer/quadcopter/quadcopter/build/main.o
                0x0000000020000000                buttonReleased
 *fill*         0x0000000020000001        0x3 
 .data          0x0000000020000004       0x14 /Users/muhsinfatih/developer/quadcopter/quadcopter/build/system_stm32f4xx.o
                0x0000000020000004                AHBPrescTable
                0x0000000020000014                SystemCoreClock
 .data          0x0000000020000018       0x10 /Users/muhsinfatih/developer/quadcopter/quadcopter/lib/STM32F4xx_StdPeriph_Driver/libstdperiph.a(stm32f4xx_rcc.o)
 *(.data*)
                0x0000000020000028                . = ALIGN (0x4)
                0x0000000020000028                _edata = .
                0x0000000020000028                __data_end__ = _edata

.igot.plt       0x0000000020000028        0x0 load address 0x0000000008000d3c
 .igot.plt      0x0000000000000000        0x0 /Users/muhsinfatih/developer/quadcopter/quadcopter/build/main.o
                0x0000000020000028                . = ALIGN (0x4)

.bss            0x0000000020000028        0x4 load address 0x0000000008000d3c
                0x0000000020000028                _sbss = .
                0x0000000020000028                __bss_start__ = _sbss
 *(.bss)
 *(.bss*)
 *(COMMON)
 COMMON         0x0000000020000028        0x4 /Users/muhsinfatih/developer/quadcopter/quadcopter/build/main.o
                0x0000000020000028                msTicks
                0x000000002000002c                . = ALIGN (0x4)
                0x000000002000002c                _ebss = .
                0x000000002000002c                __bss_end__ = _ebss

._user_heap_stack
                0x000000002000002c      0x400 load address 0x0000000008000d40
                0x000000002000002c                . = ALIGN (0x4)
                0x000000002000002c                PROVIDE (end, .)
                0x000000002000002c                PROVIDE (_end, .)
                0x000000002000002c                . = (. + _Min_Heap_Size)
                0x000000002000042c                . = (. + _Min_Stack_Size)
 *fill*         0x000000002000002c      0x400 
                0x000000002000042c                . = ALIGN (0x4)
OUTPUT(/Users/muhsinfatih/developer/quadcopter/quadcopter/build/quadcopter.elf elf32-littlearm)

.debug_info     0x0000000000000000     0x2ae6
 .debug_info    0x0000000000000000      0xc0a /Users/muhsinfatih/developer/quadcopter/quadcopter/build/main.o
 .debug_info    0x0000000000000c0a      0x11d /Users/muhsinfatih/developer/quadcopter/quadcopter/build/startup_stm32f4xx.o
 .debug_info    0x0000000000000d27      0x133 /Users/muhsinfatih/developer/quadcopter/quadcopter/build/stm32f4xx_it.o
 .debug_info    0x0000000000000e5a      0x5e2 /Users/muhsinfatih/developer/quadcopter/quadcopter/build/system_stm32f4xx.o
 .debug_info    0x000000000000143c      0xe91 /Users/muhsinfatih/developer/quadcopter/quadcopter/lib/STM32F4xx_StdPeriph_Driver/libstdperiph.a(stm32f4xx_rcc.o)
 .debug_info    0x00000000000022cd      0x819 /Users/muhsinfatih/developer/quadcopter/quadcopter/lib/STM32F4xx_StdPeriph_Driver/libstdperiph.a(stm32f4xx_gpio.o)

.debug_abbrev   0x0000000000000000      0xa37
 .debug_abbrev  0x0000000000000000      0x34e /Users/muhsinfatih/developer/quadcopter/quadcopter/build/main.o
 .debug_abbrev  0x000000000000034e       0xe5 /Users/muhsinfatih/developer/quadcopter/quadcopter/build/startup_stm32f4xx.o
 .debug_abbrev  0x0000000000000433       0x67 /Users/muhsinfatih/developer/quadcopter/quadcopter/build/stm32f4xx_it.o
 .debug_abbrev  0x000000000000049a      0x145 /Users/muhsinfatih/developer/quadcopter/quadcopter/build/system_stm32f4xx.o
 .debug_abbrev  0x00000000000005df      0x260 /Users/muhsinfatih/developer/quadcopter/quadcopter/lib/STM32F4xx_StdPeriph_Driver/libstdperiph.a(stm32f4xx_rcc.o)
 .debug_abbrev  0x000000000000083f      0x1f8 /Users/muhsinfatih/developer/quadcopter/quadcopter/lib/STM32F4xx_StdPeriph_Driver/libstdperiph.a(stm32f4xx_gpio.o)

.debug_loc      0x0000000000000000     0x138c
 .debug_loc     0x0000000000000000      0x11b /Users/muhsinfatih/developer/quadcopter/quadcopter/build/main.o
 .debug_loc     0x000000000000011b       0x3e /Users/muhsinfatih/developer/quadcopter/quadcopter/build/startup_stm32f4xx.o
 .debug_loc     0x0000000000000159      0x13f /Users/muhsinfatih/developer/quadcopter/quadcopter/build/system_stm32f4xx.o
 .debug_loc     0x0000000000000298      0xd3c /Users/muhsinfatih/developer/quadcopter/quadcopter/lib/STM32F4xx_StdPeriph_Driver/libstdperiph.a(stm32f4xx_rcc.o)
 .debug_loc     0x0000000000000fd4      0x3b8 /Users/muhsinfatih/developer/quadcopter/quadcopter/lib/STM32F4xx_StdPeriph_Driver/libstdperiph.a(stm32f4xx_gpio.o)

.debug_aranges  0x0000000000000000       0xc8
 .debug_aranges
                0x0000000000000000       0x28 /Users/muhsinfatih/developer/quadcopter/quadcopter/build/main.o
 .debug_aranges
                0x0000000000000028       0x20 /Users/muhsinfatih/developer/quadcopter/quadcopter/build/startup_stm32f4xx.o
 .debug_aranges
                0x0000000000000048       0x20 /Users/muhsinfatih/developer/quadcopter/quadcopter/build/stm32f4xx_it.o
 .debug_aranges
                0x0000000000000068       0x20 /Users/muhsinfatih/developer/quadcopter/quadcopter/build/system_stm32f4xx.o
 .debug_aranges
                0x0000000000000088       0x20 /Users/muhsinfatih/developer/quadcopter/quadcopter/lib/STM32F4xx_StdPeriph_Driver/libstdperiph.a(stm32f4xx_rcc.o)
 .debug_aranges
                0x00000000000000a8       0x20 /Users/muhsinfatih/developer/quadcopter/quadcopter/lib/STM32F4xx_StdPeriph_Driver/libstdperiph.a(stm32f4xx_gpio.o)

.debug_ranges   0x0000000000000000      0x128
 .debug_ranges  0x0000000000000000       0xf0 /Users/muhsinfatih/developer/quadcopter/quadcopter/build/main.o
 .debug_ranges  0x00000000000000f0       0x18 /Users/muhsinfatih/developer/quadcopter/quadcopter/build/system_stm32f4xx.o
 .debug_ranges  0x0000000000000108       0x20 /Users/muhsinfatih/developer/quadcopter/quadcopter/lib/STM32F4xx_StdPeriph_Driver/libstdperiph.a(stm32f4xx_rcc.o)

.debug_line     0x0000000000000000      0xcb7
 .debug_line    0x0000000000000000      0x321 /Users/muhsinfatih/developer/quadcopter/quadcopter/build/main.o
 .debug_line    0x0000000000000321       0x68 /Users/muhsinfatih/developer/quadcopter/quadcopter/build/startup_stm32f4xx.o
 .debug_line    0x0000000000000389      0x170 /Users/muhsinfatih/developer/quadcopter/quadcopter/build/stm32f4xx_it.o
 .debug_line    0x00000000000004f9      0x200 /Users/muhsinfatih/developer/quadcopter/quadcopter/build/system_stm32f4xx.o
 .debug_line    0x00000000000006f9      0x33a /Users/muhsinfatih/developer/quadcopter/quadcopter/lib/STM32F4xx_StdPeriph_Driver/libstdperiph.a(stm32f4xx_rcc.o)
 .debug_line    0x0000000000000a33      0x284 /Users/muhsinfatih/developer/quadcopter/quadcopter/lib/STM32F4xx_StdPeriph_Driver/libstdperiph.a(stm32f4xx_gpio.o)

.debug_str      0x0000000000000000     0x1531
 .debug_str     0x0000000000000000      0x9eb /Users/muhsinfatih/developer/quadcopter/quadcopter/build/main.o
                                        0xa50 (size before relaxing)
 .debug_str     0x00000000000009eb       0xa0 /Users/muhsinfatih/developer/quadcopter/quadcopter/build/startup_stm32f4xx.o
                                        0x182 (size before relaxing)
 .debug_str     0x0000000000000a8b       0x8f /Users/muhsinfatih/developer/quadcopter/quadcopter/build/stm32f4xx_it.o
                                        0x20d (size before relaxing)
 .debug_str     0x0000000000000b1a      0x170 /Users/muhsinfatih/developer/quadcopter/quadcopter/build/system_stm32f4xx.o
                                        0x3d7 (size before relaxing)
 .debug_str     0x0000000000000c8a      0x76f /Users/muhsinfatih/developer/quadcopter/quadcopter/lib/STM32F4xx_StdPeriph_Driver/libstdperiph.a(stm32f4xx_rcc.o)
                                        0x9c0 (size before relaxing)
 .debug_str     0x00000000000013f9      0x138 /Users/muhsinfatih/developer/quadcopter/quadcopter/lib/STM32F4xx_StdPeriph_Driver/libstdperiph.a(stm32f4xx_gpio.o)
                                        0x4f2 (size before relaxing)

.comment        0x0000000000000000       0x70
 .comment       0x0000000000000000       0x70 /Users/muhsinfatih/developer/quadcopter/quadcopter/build/main.o
                                         0x71 (size before relaxing)
 .comment       0x0000000000000000       0x71 /Users/muhsinfatih/developer/quadcopter/quadcopter/build/startup_stm32f4xx.o
 .comment       0x0000000000000000       0x71 /Users/muhsinfatih/developer/quadcopter/quadcopter/build/stm32f4xx_it.o
 .comment       0x0000000000000000       0x71 /Users/muhsinfatih/developer/quadcopter/quadcopter/build/system_stm32f4xx.o
 .comment       0x0000000000000000       0x71 /Users/muhsinfatih/developer/quadcopter/quadcopter/lib/STM32F4xx_StdPeriph_Driver/libstdperiph.a(stm32f4xx_rcc.o)
 .comment       0x0000000000000000       0x71 /Users/muhsinfatih/developer/quadcopter/quadcopter/lib/STM32F4xx_StdPeriph_Driver/libstdperiph.a(stm32f4xx_gpio.o)

.ARM.attributes
                0x0000000000000000       0x31
 .ARM.attributes
                0x0000000000000000       0x33 /Users/muhsinfatih/developer/quadcopter/quadcopter/build/main.o
 .ARM.attributes
                0x0000000000000033       0x33 /Users/muhsinfatih/developer/quadcopter/quadcopter/build/startup_stm32f4xx.o
 .ARM.attributes
                0x0000000000000066       0x33 /Users/muhsinfatih/developer/quadcopter/quadcopter/build/stm32f4xx_it.o
 .ARM.attributes
                0x0000000000000099       0x33 /Users/muhsinfatih/developer/quadcopter/quadcopter/build/system_stm32f4xx.o
 .ARM.attributes
                0x00000000000000cc       0x33 /Users/muhsinfatih/developer/quadcopter/quadcopter/lib/STM32F4xx_StdPeriph_Driver/libstdperiph.a(stm32f4xx_rcc.o)
 .ARM.attributes
                0x00000000000000ff       0x33 /Users/muhsinfatih/developer/quadcopter/quadcopter/lib/STM32F4xx_StdPeriph_Driver/libstdperiph.a(stm32f4xx_gpio.o)

.debug_frame    0x0000000000000000      0x6b8
 .debug_frame   0x0000000000000000       0xac /Users/muhsinfatih/developer/quadcopter/quadcopter/build/main.o
 .debug_frame   0x00000000000000ac       0x40 /Users/muhsinfatih/developer/quadcopter/quadcopter/build/startup_stm32f4xx.o
 .debug_frame   0x00000000000000ec       0xa0 /Users/muhsinfatih/developer/quadcopter/quadcopter/build/stm32f4xx_it.o
 .debug_frame   0x000000000000018c       0x3c /Users/muhsinfatih/developer/quadcopter/quadcopter/build/system_stm32f4xx.o
 .debug_frame   0x00000000000001c8      0x37c /Users/muhsinfatih/developer/quadcopter/quadcopter/lib/STM32F4xx_StdPeriph_Driver/libstdperiph.a(stm32f4xx_rcc.o)
 .debug_frame   0x0000000000000544      0x174 /Users/muhsinfatih/developer/quadcopter/quadcopter/lib/STM32F4xx_StdPeriph_Driver/libstdperiph.a(stm32f4xx_gpio.o)

Cross Reference Table

Symbol                                            File
ADC_IRQHandler                                    /Users/muhsinfatih/developer/quadcopter/quadcopter/build/startup_stm32f4xx.o
AHBPrescTable                                     /Users/muhsinfatih/developer/quadcopter/quadcopter/build/system_stm32f4xx.o
BusFault_Handler                                  /Users/muhsinfatih/developer/quadcopter/quadcopter/build/startup_stm32f4xx.o
CAN1_RX0_IRQHandler                               /Users/muhsinfatih/developer/quadcopter/quadcopter/build/startup_stm32f4xx.o
CAN1_RX1_IRQHandler                               /Users/muhsinfatih/developer/quadcopter/quadcopter/build/startup_stm32f4xx.o
CAN1_SCE_IRQHandler                               /Users/muhsinfatih/developer/quadcopter/quadcopter/build/startup_stm32f4xx.o
CAN1_TX_IRQHandler                                /Users/muhsinfatih/developer/quadcopter/quadcopter/build/startup_stm32f4xx.o
CAN2_RX0_IRQHandler                               /Users/muhsinfatih/developer/quadcopter/quadcopter/build/startup_stm32f4xx.o
CAN2_RX1_IRQHandler                               /Users/muhsinfatih/developer/quadcopter/quadcopter/build/startup_stm32f4xx.o
CAN2_SCE_IRQHandler                               /Users/muhsinfatih/developer/quadcopter/quadcopter/build/startup_stm32f4xx.o
CAN2_TX_IRQHandler                                /Users/muhsinfatih/developer/quadcopter/quadcopter/build/startup_stm32f4xx.o
CRYP_IRQHandler                                   /Users/muhsinfatih/developer/quadcopter/quadcopter/build/startup_stm32f4xx.o
DCMI_IRQHandler                                   /Users/muhsinfatih/developer/quadcopter/quadcopter/build/startup_stm32f4xx.o
DMA1_Stream0_IRQHandler                           /Users/muhsinfatih/developer/quadcopter/quadcopter/build/startup_stm32f4xx.o
DMA1_Stream1_IRQHandler                           /Users/muhsinfatih/developer/quadcopter/quadcopter/build/startup_stm32f4xx.o
DMA1_Stream2_IRQHandler                           /Users/muhsinfatih/developer/quadcopter/quadcopter/build/startup_stm32f4xx.o
DMA1_Stream3_IRQHandler                           /Users/muhsinfatih/developer/quadcopter/quadcopter/build/startup_stm32f4xx.o
DMA1_Stream4_IRQHandler                           /Users/muhsinfatih/developer/quadcopter/quadcopter/build/startup_stm32f4xx.o
DMA1_Stream5_IRQHandler                           /Users/muhsinfatih/developer/quadcopter/quadcopter/build/startup_stm32f4xx.o
DMA1_Stream6_IRQHandler                           /Users/muhsinfatih/developer/quadcopter/quadcopter/build/startup_stm32f4xx.o
DMA1_Stream7_IRQHandler                           /Users/muhsinfatih/developer/quadcopter/quadcopter/build/startup_stm32f4xx.o
DMA2_Stream0_IRQHandler                           /Users/muhsinfatih/developer/quadcopter/quadcopter/build/startup_stm32f4xx.o
DMA2_Stream1_IRQHandler                           /Users/muhsinfatih/developer/quadcopter/quadcopter/build/startup_stm32f4xx.o
DMA2_Stream2_IRQHandler                           /Users/muhsinfatih/developer/quadcopter/quadcopter/build/startup_stm32f4xx.o
DMA2_Stream3_IRQHandler                           /Users/muhsinfatih/developer/quadcopter/quadcopter/build/startup_stm32f4xx.o
DMA2_Stream4_IRQHandler                           /Users/muhsinfatih/developer/quadcopter/quadcopter/build/startup_stm32f4xx.o
DMA2_Stream5_IRQHandler                           /Users/muhsinfatih/developer/quadcopter/quadcopter/build/startup_stm32f4xx.o
DMA2_Stream6_IRQHandler                           /Users/muhsinfatih/developer/quadcopter/quadcopter/build/startup_stm32f4xx.o
DMA2_Stream7_IRQHandler                           /Users/muhsinfatih/developer/quadcopter/quadcopter/build/startup_stm32f4xx.o
DebugMon_Handler                                  /Users/muhsinfatih/developer/quadcopter/quadcopter/build/startup_stm32f4xx.o
Default_Handler                                   /Users/muhsinfatih/developer/quadcopter/quadcopter/build/startup_stm32f4xx.o
ETH_IRQHandler                                    /Users/muhsinfatih/developer/quadcopter/quadcopter/build/startup_stm32f4xx.o
ETH_WKUP_IRQHandler                               /Users/muhsinfatih/developer/quadcopter/quadcopter/build/startup_stm32f4xx.o
EXTI0_IRQHandler                                  /Users/muhsinfatih/developer/quadcopter/quadcopter/build/startup_stm32f4xx.o
EXTI15_10_IRQHandler                              /Users/muhsinfatih/developer/quadcopter/quadcopter/build/startup_stm32f4xx.o
EXTI1_IRQHandler                                  /Users/muhsinfatih/developer/quadcopter/quadcopter/build/startup_stm32f4xx.o
EXTI2_IRQHandler                                  /Users/muhsinfatih/developer/quadcopter/quadcopter/build/startup_stm32f4xx.o
EXTI3_IRQHandler                                  /Users/muhsinfatih/developer/quadcopter/quadcopter/build/startup_stm32f4xx.o
EXTI4_IRQHandler                                  /Users/muhsinfatih/developer/quadcopter/quadcopter/build/startup_stm32f4xx.o
EXTI9_5_IRQHandler                                /Users/muhsinfatih/developer/quadcopter/quadcopter/build/startup_stm32f4xx.o
FLASH_IRQHandler                                  /Users/muhsinfatih/developer/quadcopter/quadcopter/build/startup_stm32f4xx.o
FPU_IRQHandler                                    /Users/muhsinfatih/developer/quadcopter/quadcopter/build/startup_stm32f4xx.o
FSMC_IRQHandler                                   /Users/muhsinfatih/developer/quadcopter/quadcopter/build/startup_stm32f4xx.o
GPIO_DeInit                                       /Users/muhsinfatih/developer/quadcopter/quadcopter/lib/STM32F4xx_StdPeriph_Driver/libstdperiph.a(stm32f4xx_gpio.o)
GPIO_Init                                         /Users/muhsinfatih/developer/quadcopter/quadcopter/lib/STM32F4xx_StdPeriph_Driver/libstdperiph.a(stm32f4xx_gpio.o)
                                                  /Users/muhsinfatih/developer/quadcopter/quadcopter/build/main.o
GPIO_PinAFConfig                                  /Users/muhsinfatih/developer/quadcopter/quadcopter/lib/STM32F4xx_StdPeriph_Driver/libstdperiph.a(stm32f4xx_gpio.o)
GPIO_PinLockConfig                                /Users/muhsinfatih/developer/quadcopter/quadcopter/lib/STM32F4xx_StdPeriph_Driver/libstdperiph.a(stm32f4xx_gpio.o)
GPIO_ReadInputData                                /Users/muhsinfatih/developer/quadcopter/quadcopter/lib/STM32F4xx_StdPeriph_Driver/libstdperiph.a(stm32f4xx_gpio.o)
GPIO_ReadInputDataBit                             /Users/muhsinfatih/developer/quadcopter/quadcopter/lib/STM32F4xx_StdPeriph_Driver/libstdperiph.a(stm32f4xx_gpio.o)
                                                  /Users/muhsinfatih/developer/quadcopter/quadcopter/build/main.o
GPIO_ReadOutputData                               /Users/muhsinfatih/developer/quadcopter/quadcopter/lib/STM32F4xx_StdPeriph_Driver/libstdperiph.a(stm32f4xx_gpio.o)
GPIO_ReadOutputDataBit                            /Users/muhsinfatih/developer/quadcopter/quadcopter/lib/STM32F4xx_StdPeriph_Driver/libstdperiph.a(stm32f4xx_gpio.o)
GPIO_ResetBits                                    /Users/muhsinfatih/developer/quadcopter/quadcopter/lib/STM32F4xx_StdPeriph_Driver/libstdperiph.a(stm32f4xx_gpio.o)
GPIO_SetBits                                      /Users/muhsinfatih/developer/quadcopter/quadcopter/lib/STM32F4xx_StdPeriph_Driver/libstdperiph.a(stm32f4xx_gpio.o)
GPIO_StructInit                                   /Users/muhsinfatih/developer/quadcopter/quadcopter/lib/STM32F4xx_StdPeriph_Driver/libstdperiph.a(stm32f4xx_gpio.o)
GPIO_ToggleBits                                   /Users/muhsinfatih/developer/quadcopter/quadcopter/lib/STM32F4xx_StdPeriph_Driver/libstdperiph.a(stm32f4xx_gpio.o)
                                                  /Users/muhsinfatih/developer/quadcopter/quadcopter/build/main.o
GPIO_Write                                        /Users/muhsinfatih/developer/quadcopter/quadcopter/lib/STM32F4xx_StdPeriph_Driver/libstdperiph.a(stm32f4xx_gpio.o)
GPIO_WriteBit                                     /Users/muhsinfatih/developer/quadcopter/quadcopter/lib/STM32F4xx_StdPeriph_Driver/libstdperiph.a(stm32f4xx_gpio.o)
HASH_RNG_IRQHandler                               /Users/muhsinfatih/developer/quadcopter/quadcopter/build/startup_stm32f4xx.o
HardFault_Handler                                 /Users/muhsinfatih/developer/quadcopter/quadcopter/build/stm32f4xx_it.o
                                                  /Users/muhsinfatih/developer/quadcopter/quadcopter/build/startup_stm32f4xx.o
I2C1_ER_IRQHandler                                /Users/muhsinfatih/developer/quadcopter/quadcopter/build/startup_stm32f4xx.o
I2C1_EV_IRQHandler                                /Users/muhsinfatih/developer/quadcopter/quadcopter/build/startup_stm32f4xx.o
I2C2_ER_IRQHandler                                /Users/muhsinfatih/developer/quadcopter/quadcopter/build/startup_stm32f4xx.o
I2C2_EV_IRQHandler                                /Users/muhsinfatih/developer/quadcopter/quadcopter/build/startup_stm32f4xx.o
I2C3_ER_IRQHandler                                /Users/muhsinfatih/developer/quadcopter/quadcopter/build/startup_stm32f4xx.o
I2C3_EV_IRQHandler                                /Users/muhsinfatih/developer/quadcopter/quadcopter/build/startup_stm32f4xx.o
MemManage_Handler                                 /Users/muhsinfatih/developer/quadcopter/quadcopter/build/startup_stm32f4xx.o
NMI_Handler                                       /Users/muhsinfatih/developer/quadcopter/quadcopter/build/stm32f4xx_it.o
                                                  /Users/muhsinfatih/developer/quadcopter/quadcopter/build/startup_stm32f4xx.o
OTG_FS_IRQHandler                                 /Users/muhsinfatih/developer/quadcopter/quadcopter/build/startup_stm32f4xx.o
OTG_FS_WKUP_IRQHandler                            /Users/muhsinfatih/developer/quadcopter/quadcopter/build/startup_stm32f4xx.o
OTG_HS_EP1_IN_IRQHandler                          /Users/muhsinfatih/developer/quadcopter/quadcopter/build/startup_stm32f4xx.o
OTG_HS_EP1_OUT_IRQHandler                         /Users/muhsinfatih/developer/quadcopter/quadcopter/build/startup_stm32f4xx.o
OTG_HS_IRQHandler                                 /Users/muhsinfatih/developer/quadcopter/quadcopter/build/startup_stm32f4xx.o
OTG_HS_WKUP_IRQHandler                            /Users/muhsinfatih/developer/quadcopter/quadcopter/build/startup_stm32f4xx.o
PVD_IRQHandler                                    /Users/muhsinfatih/developer/quadcopter/quadcopter/build/startup_stm32f4xx.o
PendSV_Handler                                    /Users/muhsinfatih/developer/quadcopter/quadcopter/build/startup_stm32f4xx.o
RCC_AHB1PeriphClockCmd                            /Users/muhsinfatih/developer/quadcopter/quadcopter/lib/STM32F4xx_StdPeriph_Driver/libstdperiph.a(stm32f4xx_rcc.o)
                                                  /Users/muhsinfatih/developer/quadcopter/quadcopter/build/main.o
RCC_AHB1PeriphClockLPModeCmd                      /Users/muhsinfatih/developer/quadcopter/quadcopter/lib/STM32F4xx_StdPeriph_Driver/libstdperiph.a(stm32f4xx_rcc.o)
RCC_AHB1PeriphResetCmd                            /Users/muhsinfatih/developer/quadcopter/quadcopter/lib/STM32F4xx_StdPeriph_Driver/libstdperiph.a(stm32f4xx_rcc.o)
                                                  /Users/muhsinfatih/developer/quadcopter/quadcopter/lib/STM32F4xx_StdPeriph_Driver/libstdperiph.a(stm32f4xx_gpio.o)
RCC_AHB2PeriphClockCmd                            /Users/muhsinfatih/developer/quadcopter/quadcopter/lib/STM32F4xx_StdPeriph_Driver/libstdperiph.a(stm32f4xx_rcc.o)
RCC_AHB2PeriphClockLPModeCmd                      /Users/muhsinfatih/developer/quadcopter/quadcopter/lib/STM32F4xx_StdPeriph_Driver/libstdperiph.a(stm32f4xx_rcc.o)
RCC_AHB2PeriphResetCmd                            /Users/muhsinfatih/developer/quadcopter/quadcopter/lib/STM32F4xx_StdPeriph_Driver/libstdperiph.a(stm32f4xx_rcc.o)
RCC_AHB3PeriphClockCmd                            /Users/muhsinfatih/developer/quadcopter/quadcopter/lib/STM32F4xx_StdPeriph_Driver/libstdperiph.a(stm32f4xx_rcc.o)
RCC_AHB3PeriphClockLPModeCmd                      /Users/muhsinfatih/developer/quadcopter/quadcopter/lib/STM32F4xx_StdPeriph_Driver/libstdperiph.a(stm32f4xx_rcc.o)
RCC_AHB3PeriphResetCmd                            /Users/muhsinfatih/developer/quadcopter/quadcopter/lib/STM32F4xx_StdPeriph_Driver/libstdperiph.a(stm32f4xx_rcc.o)
RCC_APB1PeriphClockCmd                            /Users/muhsinfatih/developer/quadcopter/quadcopter/lib/STM32F4xx_StdPeriph_Driver/libstdperiph.a(stm32f4xx_rcc.o)
RCC_APB1PeriphClockLPModeCmd                      /Users/muhsinfatih/developer/quadcopter/quadcopter/lib/STM32F4xx_StdPeriph_Driver/libstdperiph.a(stm32f4xx_rcc.o)
RCC_APB1PeriphResetCmd                            /Users/muhsinfatih/developer/quadcopter/quadcopter/lib/STM32F4xx_StdPeriph_Driver/libstdperiph.a(stm32f4xx_rcc.o)
RCC_APB2PeriphClockCmd                            /Users/muhsinfatih/developer/quadcopter/quadcopter/lib/STM32F4xx_StdPeriph_Driver/libstdperiph.a(stm32f4xx_rcc.o)
RCC_APB2PeriphClockLPModeCmd                      /Users/muhsinfatih/developer/quadcopter/quadcopter/lib/STM32F4xx_StdPeriph_Driver/libstdperiph.a(stm32f4xx_rcc.o)
RCC_APB2PeriphResetCmd                            /Users/muhsinfatih/developer/quadcopter/quadcopter/lib/STM32F4xx_StdPeriph_Driver/libstdperiph.a(stm32f4xx_rcc.o)
RCC_AdjustHSICalibrationValue                     /Users/muhsinfatih/developer/quadcopter/quadcopter/lib/STM32F4xx_StdPeriph_Driver/libstdperiph.a(stm32f4xx_rcc.o)
RCC_BackupResetCmd                                /Users/muhsinfatih/developer/quadcopter/quadcopter/lib/STM32F4xx_StdPeriph_Driver/libstdperiph.a(stm32f4xx_rcc.o)
RCC_ClearFlag                                     /Users/muhsinfatih/developer/quadcopter/quadcopter/lib/STM32F4xx_StdPeriph_Driver/libstdperiph.a(stm32f4xx_rcc.o)
RCC_ClearITPendingBit                             /Users/muhsinfatih/developer/quadcopter/quadcopter/lib/STM32F4xx_StdPeriph_Driver/libstdperiph.a(stm32f4xx_rcc.o)
RCC_ClockSecuritySystemCmd                        /Users/muhsinfatih/developer/quadcopter/quadcopter/lib/STM32F4xx_StdPeriph_Driver/libstdperiph.a(stm32f4xx_rcc.o)
RCC_DeInit                                        /Users/muhsinfatih/developer/quadcopter/quadcopter/lib/STM32F4xx_StdPeriph_Driver/libstdperiph.a(stm32f4xx_rcc.o)
RCC_GetClocksFreq                                 /Users/muhsinfatih/developer/quadcopter/quadcopter/lib/STM32F4xx_StdPeriph_Driver/libstdperiph.a(stm32f4xx_rcc.o)
RCC_GetFlagStatus                                 /Users/muhsinfatih/developer/quadcopter/quadcopter/lib/STM32F4xx_StdPeriph_Driver/libstdperiph.a(stm32f4xx_rcc.o)
RCC_GetITStatus                                   /Users/muhsinfatih/developer/quadcopter/quadcopter/lib/STM32F4xx_StdPeriph_Driver/libstdperiph.a(stm32f4xx_rcc.o)
RCC_GetSYSCLKSource                               /Users/muhsinfatih/developer/quadcopter/quadcopter/lib/STM32F4xx_StdPeriph_Driver/libstdperiph.a(stm32f4xx_rcc.o)
RCC_HCLKConfig                                    /Users/muhsinfatih/developer/quadcopter/quadcopter/lib/STM32F4xx_StdPeriph_Driver/libstdperiph.a(stm32f4xx_rcc.o)
RCC_HSEConfig                                     /Users/muhsinfatih/developer/quadcopter/quadcopter/lib/STM32F4xx_StdPeriph_Driver/libstdperiph.a(stm32f4xx_rcc.o)
RCC_HSICmd                                        /Users/muhsinfatih/developer/quadcopter/quadcopter/lib/STM32F4xx_StdPeriph_Driver/libstdperiph.a(stm32f4xx_rcc.o)
RCC_I2SCLKConfig                                  /Users/muhsinfatih/developer/quadcopter/quadcopter/lib/STM32F4xx_StdPeriph_Driver/libstdperiph.a(stm32f4xx_rcc.o)
RCC_IRQHandler                                    /Users/muhsinfatih/developer/quadcopter/quadcopter/build/startup_stm32f4xx.o
RCC_ITConfig                                      /Users/muhsinfatih/developer/quadcopter/quadcopter/lib/STM32F4xx_StdPeriph_Driver/libstdperiph.a(stm32f4xx_rcc.o)
RCC_LSEConfig                                     /Users/muhsinfatih/developer/quadcopter/quadcopter/lib/STM32F4xx_StdPeriph_Driver/libstdperiph.a(stm32f4xx_rcc.o)
RCC_LSICmd                                        /Users/muhsinfatih/developer/quadcopter/quadcopter/lib/STM32F4xx_StdPeriph_Driver/libstdperiph.a(stm32f4xx_rcc.o)
RCC_LTDCCLKDivConfig                              /Users/muhsinfatih/developer/quadcopter/quadcopter/lib/STM32F4xx_StdPeriph_Driver/libstdperiph.a(stm32f4xx_rcc.o)
RCC_MCO1Config                                    /Users/muhsinfatih/developer/quadcopter/quadcopter/lib/STM32F4xx_StdPeriph_Driver/libstdperiph.a(stm32f4xx_rcc.o)
RCC_MCO2Config                                    /Users/muhsinfatih/developer/quadcopter/quadcopter/lib/STM32F4xx_StdPeriph_Driver/libstdperiph.a(stm32f4xx_rcc.o)
RCC_PCLK1Config                                   /Users/muhsinfatih/developer/quadcopter/quadcopter/lib/STM32F4xx_StdPeriph_Driver/libstdperiph.a(stm32f4xx_rcc.o)
RCC_PCLK2Config                                   /Users/muhsinfatih/developer/quadcopter/quadcopter/lib/STM32F4xx_StdPeriph_Driver/libstdperiph.a(stm32f4xx_rcc.o)
RCC_PLLCmd                                        /Users/muhsinfatih/developer/quadcopter/quadcopter/lib/STM32F4xx_StdPeriph_Driver/libstdperiph.a(stm32f4xx_rcc.o)
RCC_PLLConfig                                     /Users/muhsinfatih/developer/quadcopter/quadcopter/lib/STM32F4xx_StdPeriph_Driver/libstdperiph.a(stm32f4xx_rcc.o)
RCC_PLLI2SCmd                                     /Users/muhsinfatih/developer/quadcopter/quadcopter/lib/STM32F4xx_StdPeriph_Driver/libstdperiph.a(stm32f4xx_rcc.o)
RCC_PLLI2SConfig                                  /Users/muhsinfatih/developer/quadcopter/quadcopter/lib/STM32F4xx_StdPeriph_Driver/libstdperiph.a(stm32f4xx_rcc.o)
RCC_PLLSAICmd                                     /Users/muhsinfatih/developer/quadcopter/quadcopter/lib/STM32F4xx_StdPeriph_Driver/libstdperiph.a(stm32f4xx_rcc.o)
RCC_PLLSAIConfig                                  /Users/muhsinfatih/developer/quadcopter/quadcopter/lib/STM32F4xx_StdPeriph_Driver/libstdperiph.a(stm32f4xx_rcc.o)
RCC_RTCCLKCmd                                     /Users/muhsinfatih/developer/quadcopter/quadcopter/lib/STM32F4xx_StdPeriph_Driver/libstdperiph.a(stm32f4xx_rcc.o)
RCC_RTCCLKConfig                                  /Users/muhsinfatih/developer/quadcopter/quadcopter/lib/STM32F4xx_StdPeriph_Driver/libstdperiph.a(stm32f4xx_rcc.o)
RCC_SAIBlockACLKConfig                            /Users/muhsinfatih/developer/quadcopter/quadcopter/lib/STM32F4xx_StdPeriph_Driver/libstdperiph.a(stm32f4xx_rcc.o)
RCC_SAIBlockBCLKConfig                            /Users/muhsinfatih/developer/quadcopter/quadcopter/lib/STM32F4xx_StdPeriph_Driver/libstdperiph.a(stm32f4xx_rcc.o)
RCC_SAIPLLI2SClkDivConfig                         /Users/muhsinfatih/developer/quadcopter/quadcopter/lib/STM32F4xx_StdPeriph_Driver/libstdperiph.a(stm32f4xx_rcc.o)
RCC_SAIPLLSAIClkDivConfig                         /Users/muhsinfatih/developer/quadcopter/quadcopter/lib/STM32F4xx_StdPeriph_Driver/libstdperiph.a(stm32f4xx_rcc.o)
RCC_SYSCLKConfig                                  /Users/muhsinfatih/developer/quadcopter/quadcopter/lib/STM32F4xx_StdPeriph_Driver/libstdperiph.a(stm32f4xx_rcc.o)
RCC_TIMCLKPresConfig                              /Users/muhsinfatih/developer/quadcopter/quadcopter/lib/STM32F4xx_StdPeriph_Driver/libstdperiph.a(stm32f4xx_rcc.o)
RCC_WaitForHSEStartUp                             /Users/muhsinfatih/developer/quadcopter/quadcopter/lib/STM32F4xx_StdPeriph_Driver/libstdperiph.a(stm32f4xx_rcc.o)
RTC_Alarm_IRQHandler                              /Users/muhsinfatih/developer/quadcopter/quadcopter/build/startup_stm32f4xx.o
RTC_WKUP_IRQHandler                               /Users/muhsinfatih/developer/quadcopter/quadcopter/build/startup_stm32f4xx.o
Reset_Handler                                     /Users/muhsinfatih/developer/quadcopter/quadcopter/build/startup_stm32f4xx.o
SDIO_IRQHandler                                   /Users/muhsinfatih/developer/quadcopter/quadcopter/build/startup_stm32f4xx.o
SPI1_IRQHandler                                   /Users/muhsinfatih/developer/quadcopter/quadcopter/build/startup_stm32f4xx.o
SPI2_IRQHandler                                   /Users/muhsinfatih/developer/quadcopter/quadcopter/build/startup_stm32f4xx.o
SPI3_IRQHandler                                   /Users/muhsinfatih/developer/quadcopter/quadcopter/build/startup_stm32f4xx.o
SVC_Handler                                       /Users/muhsinfatih/developer/quadcopter/quadcopter/build/startup_stm32f4xx.o
SysTick_Handler                                   /Users/muhsinfatih/developer/quadcopter/quadcopter/build/main.o
SystemCoreClock                                   /Users/muhsinfatih/developer/quadcopter/quadcopter/build/system_stm32f4xx.o
                                                  /Users/muhsinfatih/developer/quadcopter/quadcopter/build/main.o
SystemCoreClockUpdate                             /Users/muhsinfatih/developer/quadcopter/quadcopter/build/system_stm32f4xx.o
SystemInit                                        /Users/muhsinfatih/developer/quadcopter/quadcopter/build/system_stm32f4xx.o
                                                  /Users/muhsinfatih/developer/quadcopter/quadcopter/build/startup_stm32f4xx.o
TAMP_STAMP_IRQHandler                             /Users/muhsinfatih/developer/quadcopter/quadcopter/build/startup_stm32f4xx.o
TIM1_BRK_TIM9_IRQHandler                          /Users/muhsinfatih/developer/quadcopter/quadcopter/build/startup_stm32f4xx.o
TIM1_CC_IRQHandler                                /Users/muhsinfatih/developer/quadcopter/quadcopter/build/startup_stm32f4xx.o
TIM1_TRG_COM_TIM11_IRQHandler                     /Users/muhsinfatih/developer/quadcopter/quadcopter/build/startup_stm32f4xx.o
TIM1_UP_TIM10_IRQHandler                          /Users/muhsinfatih/developer/quadcopter/quadcopter/build/startup_stm32f4xx.o
TIM2_IRQHandler                                   /Users/muhsinfatih/developer/quadcopter/quadcopter/build/startup_stm32f4xx.o
TIM3_IRQHandler                                   /Users/muhsinfatih/developer/quadcopter/quadcopter/build/startup_stm32f4xx.o
TIM4_IRQHandler                                   /Users/muhsinfatih/developer/quadcopter/quadcopter/build/startup_stm32f4xx.o
TIM5_IRQHandler                                   /Users/muhsinfatih/developer/quadcopter/quadcopter/build/startup_stm32f4xx.o
TIM6_DAC_IRQHandler                               /Users/muhsinfatih/developer/quadcopter/quadcopter/build/startup_stm32f4xx.o
TIM7_IRQHandler                                   /Users/muhsinfatih/developer/quadcopter/quadcopter/build/startup_stm32f4xx.o
TIM8_BRK_TIM12_IRQHandler                         /Users/muhsinfatih/developer/quadcopter/quadcopter/build/startup_stm32f4xx.o
TIM8_CC_IRQHandler                                /Users/muhsinfatih/developer/quadcopter/quadcopter/build/startup_stm32f4xx.o
TIM8_TRG_COM_TIM14_IRQHandler                     /Users/muhsinfatih/developer/quadcopter/quadcopter/build/startup_stm32f4xx.o
TIM8_UP_TIM13_IRQHandler                          /Users/muhsinfatih/developer/quadcopter/quadcopter/build/startup_stm32f4xx.o
UART4_IRQHandler                                  /Users/muhsinfatih/developer/quadcopter/quadcopter/build/startup_stm32f4xx.o
UART5_IRQHandler                                  /Users/muhsinfatih/developer/quadcopter/quadcopter/build/startup_stm32f4xx.o
USART1_IRQHandler                                 /Users/muhsinfatih/developer/quadcopter/quadcopter/build/startup_stm32f4xx.o
USART2_IRQHandler                                 /Users/muhsinfatih/developer/quadcopter/quadcopter/build/startup_stm32f4xx.o
USART3_IRQHandler                                 /Users/muhsinfatih/developer/quadcopter/quadcopter/build/startup_stm32f4xx.o
USART6_IRQHandler                                 /Users/muhsinfatih/developer/quadcopter/quadcopter/build/startup_stm32f4xx.o
UsageFault_Handler                                /Users/muhsinfatih/developer/quadcopter/quadcopter/build/startup_stm32f4xx.o
WWDG_IRQHandler                                   /Users/muhsinfatih/developer/quadcopter/quadcopter/build/startup_stm32f4xx.o
__bss_end__                                       /Users/muhsinfatih/developer/quadcopter/quadcopter/build/startup_stm32f4xx.o
__bss_start__                                     /Users/muhsinfatih/developer/quadcopter/quadcopter/build/startup_stm32f4xx.o
__data_end__                                      /Users/muhsinfatih/developer/quadcopter/quadcopter/build/startup_stm32f4xx.o
__data_start__                                    /Users/muhsinfatih/developer/quadcopter/quadcopter/build/startup_stm32f4xx.o
__sidata                                          /Users/muhsinfatih/developer/quadcopter/quadcopter/build/startup_stm32f4xx.o
_estack                                           /Users/muhsinfatih/developer/quadcopter/quadcopter/build/startup_stm32f4xx.o
buttonReleased                                    /Users/muhsinfatih/developer/quadcopter/quadcopter/build/main.o
disableSysTick                                    /Users/muhsinfatih/developer/quadcopter/quadcopter/build/main.o
enableSysTick                                     /Users/muhsinfatih/developer/quadcopter/quadcopter/build/main.o
g_pfnVectors                                      /Users/muhsinfatih/developer/quadcopter/quadcopter/build/startup_stm32f4xx.o
gpio                                              /Users/muhsinfatih/developer/quadcopter/quadcopter/build/main.o
loop                                              /Users/muhsinfatih/developer/quadcopter/quadcopter/build/main.o
main                                              /Users/muhsinfatih/developer/quadcopter/quadcopter/build/main.o
                                                  /Users/muhsinfatih/developer/quadcopter/quadcopter/build/startup_stm32f4xx.o
msTicks                                           /Users/muhsinfatih/developer/quadcopter/quadcopter/build/main.o
setSysTick                                        /Users/muhsinfatih/developer/quadcopter/quadcopter/build/main.o
turnOffLED                                        /Users/muhsinfatih/developer/quadcopter/quadcopter/build/CortexM4asmOps.o
turnOnLED                                         /Users/muhsinfatih/developer/quadcopter/quadcopter/build/CortexM4asmOps.o
