Archive member included because of file (symbol)

/Users/muhsinfatih/developer/quadcopter/quadcopter/lib/STM32F4xx_StdPeriph_Driver/libstdperiph.a(stm32f4xx_rcc.o)
                              /Users/muhsinfatih/developer/quadcopter/quadcopter/build/main.o (RCC_AHB1PeriphClockCmd)
/Users/muhsinfatih/developer/quadcopter/quadcopter/lib/STM32F4xx_StdPeriph_Driver/libstdperiph.a(stm32f4xx_gpio.o)
                              /Users/muhsinfatih/developer/quadcopter/quadcopter/build/main.o (GPIO_Init)

Allocating common symbols
Common symbol       size              file

msTicks             0x4               /Users/muhsinfatih/developer/quadcopter/quadcopter/build/main.o

Discarded input sections

 .data          0x0000000000000000        0x0 /Users/muhsinfatih/developer/quadcopter/quadcopter/build/main.o
 .bss           0x0000000000000000        0x0 /Users/muhsinfatih/developer/quadcopter/quadcopter/build/main.o
 .data          0x0000000000000000        0x0 /Users/muhsinfatih/developer/quadcopter/quadcopter/build/startup_stm32f4xx.o
 .bss           0x0000000000000000        0x0 /Users/muhsinfatih/developer/quadcopter/quadcopter/build/startup_stm32f4xx.o
 .data          0x0000000000000000        0x0 /Users/muhsinfatih/developer/quadcopter/quadcopter/build/stm32f4xx_it.o
 .bss           0x0000000000000000        0x0 /Users/muhsinfatih/developer/quadcopter/quadcopter/build/stm32f4xx_it.o
 .bss           0x0000000000000000        0x0 /Users/muhsinfatih/developer/quadcopter/quadcopter/build/system_stm32f4xx.o
 .text          0x0000000000000000       0x18 /Users/muhsinfatih/developer/quadcopter/quadcopter/build/CortexM4asmOps.o
 .data          0x0000000000000000        0x0 /Users/muhsinfatih/developer/quadcopter/quadcopter/build/CortexM4asmOps.o
 .bss           0x0000000000000000        0x0 /Users/muhsinfatih/developer/quadcopter/quadcopter/build/CortexM4asmOps.o
 .ARM.attributes
                0x0000000000000000       0x21 /Users/muhsinfatih/developer/quadcopter/quadcopter/build/CortexM4asmOps.o
 .bss           0x0000000000000000        0x0 /Users/muhsinfatih/developer/quadcopter/quadcopter/lib/STM32F4xx_StdPeriph_Driver/libstdperiph.a(stm32f4xx_rcc.o)
 .data          0x0000000000000000        0x0 /Users/muhsinfatih/developer/quadcopter/quadcopter/lib/STM32F4xx_StdPeriph_Driver/libstdperiph.a(stm32f4xx_gpio.o)
 .bss           0x0000000000000000        0x0 /Users/muhsinfatih/developer/quadcopter/quadcopter/lib/STM32F4xx_StdPeriph_Driver/libstdperiph.a(stm32f4xx_gpio.o)

Memory Configuration

Name             Origin             Length             Attributes
FLASH            0x0000000008000000 0x0000000000100000 xr
RAM              0x0000000020000000 0x0000000000020000 xrw
CCM              0x0000000010000000 0x0000000000010000 xrw
*default*        0x0000000000000000 0xffffffffffffffff

Linker script and memory map

LOAD /Users/muhsinfatih/developer/quadcopter/quadcopter/build/main.o
LOAD /Users/muhsinfatih/developer/quadcopter/quadcopter/build/startup_stm32f4xx.o
LOAD /Users/muhsinfatih/developer/quadcopter/quadcopter/build/stm32f4xx_it.o
LOAD /Users/muhsinfatih/developer/quadcopter/quadcopter/build/system_stm32f4xx.o
LOAD /Users/muhsinfatih/developer/quadcopter/quadcopter/build/CortexM4asmOps.o
LOAD /Users/muhsinfatih/developer/quadcopter/quadcopter/lib/STM32F4xx_StdPeriph_Driver/libstdperiph.a
LOAD /usr/local/Cellar/arm-none-eabi-gcc/20150921/bin/../lib/gcc/arm-none-eabi/4.9.3/../../../../arm-none-eabi/lib/armv7e-m/libc_nano.a
LOAD /usr/local/Cellar/arm-none-eabi-gcc/20150921/bin/../lib/gcc/arm-none-eabi/4.9.3/armv7e-m/libgcc.a
LOAD /usr/local/Cellar/arm-none-eabi-gcc/20150921/bin/../lib/gcc/arm-none-eabi/4.9.3/../../../../arm-none-eabi/lib/armv7e-m/libnosys.a
START GROUP
LOAD /usr/local/Cellar/arm-none-eabi-gcc/20150921/bin/../lib/gcc/arm-none-eabi/4.9.3/armv7e-m/libgcc.a
LOAD /usr/local/Cellar/arm-none-eabi-gcc/20150921/bin/../lib/gcc/arm-none-eabi/4.9.3/../../../../arm-none-eabi/lib/armv7e-m/libc_nano.a
END GROUP
START GROUP
LOAD /usr/local/Cellar/arm-none-eabi-gcc/20150921/bin/../lib/gcc/arm-none-eabi/4.9.3/armv7e-m/libgcc.a
LOAD /usr/local/Cellar/arm-none-eabi-gcc/20150921/bin/../lib/gcc/arm-none-eabi/4.9.3/../../../../arm-none-eabi/lib/armv7e-m/libc_nano.a
END GROUP
                0x0000000020020000                _estack = 0x20020000
                0x0000000000000000                _Min_Heap_Size = 0x0
                0x0000000000000400                _Min_Stack_Size = 0x400

.isr_vector     0x0000000008000000      0x188
                0x0000000008000000                . = ALIGN (0x4)
 *(.isr_vector)
 .isr_vector    0x0000000008000000      0x188 /Users/muhsinfatih/developer/quadcopter/quadcopter/build/startup_stm32f4xx.o
                0x0000000008000000                g_pfnVectors
                0x0000000008000188                . = ALIGN (0x4)

.text           0x0000000008000188      0xb64
                0x0000000008000188                . = ALIGN (0x4)
 *(.text)
 .text          0x0000000008000188       0xd4 /Users/muhsinfatih/developer/quadcopter/quadcopter/build/main.o
                0x0000000008000188                enableSysTick
                0x0000000008000194                disableSysTick
                0x00000000080001a0                SysTick_Handler
                0x00000000080001b0                setSysTick
                0x00000000080001f4                gpio
                0x0000000008000218                loop
 .text          0x000000000800025c       0x74 /Users/muhsinfatih/developer/quadcopter/quadcopter/build/startup_stm32f4xx.o
                0x000000000800025c                DMA1_Stream3_IRQHandler
                0x000000000800025c                HASH_RNG_IRQHandler
                0x000000000800025c                EXTI2_IRQHandler
                0x000000000800025c                TIM8_CC_IRQHandler
                0x000000000800025c                DebugMon_Handler
                0x000000000800025c                TIM1_CC_IRQHandler
                0x000000000800025c                DMA2_Stream5_IRQHandler
                0x000000000800025c                DMA1_Stream5_IRQHandler
                0x000000000800025c                PVD_IRQHandler
                0x000000000800025c                SDIO_IRQHandler
                0x000000000800025c                TAMP_STAMP_IRQHandler
                0x000000000800025c                PendSV_Handler
                0x000000000800025c                CAN2_RX1_IRQHandler
                0x000000000800025c                EXTI3_IRQHandler
                0x000000000800025c                TIM8_TRG_COM_TIM14_IRQHandler
                0x000000000800025c                TIM1_UP_TIM10_IRQHandler
                0x000000000800025c                TIM8_UP_TIM13_IRQHandler
                0x000000000800025c                I2C3_ER_IRQHandler
                0x000000000800025c                EXTI0_IRQHandler
                0x000000000800025c                I2C2_EV_IRQHandler
                0x000000000800025c                DMA1_Stream2_IRQHandler
                0x000000000800025c                CAN1_RX0_IRQHandler
                0x000000000800025c                FPU_IRQHandler
                0x000000000800025c                OTG_HS_WKUP_IRQHandler
                0x000000000800025c                UsageFault_Handler
                0x000000000800025c                CAN2_SCE_IRQHandler
                0x000000000800025c                DMA2_Stream2_IRQHandler
                0x000000000800025c                SPI1_IRQHandler
                0x000000000800025c                TIM6_DAC_IRQHandler
                0x000000000800025c                TIM1_BRK_TIM9_IRQHandler
                0x000000000800025c                DCMI_IRQHandler
                0x000000000800025c                CAN2_RX0_IRQHandler
                0x000000000800025c                DMA2_Stream3_IRQHandler
                0x000000000800025c                USART6_IRQHandler
                0x000000000800025c                USART3_IRQHandler
                0x000000000800025c                CRYP_IRQHandler
                0x000000000800025c                RTC_Alarm_IRQHandler
                0x000000000800025c                CAN1_RX1_IRQHandler
                0x000000000800025c                UART5_IRQHandler
                0x000000000800025c                DMA2_Stream0_IRQHandler
                0x000000000800025c                TIM4_IRQHandler
                0x000000000800025c                I2C1_EV_IRQHandler
                0x000000000800025c                DMA1_Stream6_IRQHandler
                0x000000000800025c                DMA1_Stream1_IRQHandler
                0x000000000800025c                UART4_IRQHandler
                0x000000000800025c                TIM3_IRQHandler
                0x000000000800025c                RCC_IRQHandler
                0x000000000800025c                TIM8_BRK_TIM12_IRQHandler
                0x000000000800025c                Default_Handler
                0x000000000800025c                EXTI15_10_IRQHandler
                0x000000000800025c                ADC_IRQHandler
                0x000000000800025c                DMA1_Stream7_IRQHandler
                0x000000000800025c                TIM7_IRQHandler
                0x000000000800025c                CAN2_TX_IRQHandler
                0x000000000800025c                TIM5_IRQHandler
                0x000000000800025c                DMA2_Stream7_IRQHandler
                0x000000000800025c                I2C3_EV_IRQHandler
                0x000000000800025c                EXTI9_5_IRQHandler
                0x000000000800025c                RTC_WKUP_IRQHandler
                0x000000000800025c                ETH_WKUP_IRQHandler
                0x000000000800025c                SPI2_IRQHandler
                0x000000000800025c                OTG_HS_EP1_IN_IRQHandler
                0x000000000800025c                MemManage_Handler
                0x000000000800025c                DMA1_Stream0_IRQHandler
                0x000000000800025c                CAN1_TX_IRQHandler
                0x000000000800025c                SVC_Handler
                0x000000000800025c                EXTI4_IRQHandler
                0x000000000800025c                FSMC_IRQHandler
                0x000000000800025c                ETH_IRQHandler
                0x000000000800025c                OTG_HS_EP1_OUT_IRQHandler
                0x000000000800025c                WWDG_IRQHandler
                0x000000000800025c                TIM2_IRQHandler
                0x000000000800025c                OTG_FS_WKUP_IRQHandler
                0x000000000800025c                TIM1_TRG_COM_TIM11_IRQHandler
                0x000000000800025c                OTG_HS_IRQHandler
                0x000000000800025c                EXTI1_IRQHandler
                0x000000000800025c                USART2_IRQHandler
                0x000000000800025c                I2C2_ER_IRQHandler
                0x000000000800025c                DMA2_Stream1_IRQHandler
                0x000000000800025c                CAN1_SCE_IRQHandler
                0x000000000800025c                FLASH_IRQHandler
                0x000000000800025c                DMA2_Stream4_IRQHandler
                0x000000000800025c                BusFault_Handler
                0x000000000800025c                USART1_IRQHandler
                0x000000000800025c                OTG_FS_IRQHandler
                0x000000000800025c                SPI3_IRQHandler
                0x000000000800025c                DMA1_Stream4_IRQHandler
                0x000000000800025c                I2C1_ER_IRQHandler
                0x000000000800025c                DMA2_Stream6_IRQHandler
                0x0000000008000260                Reset_Handler
 .text          0x00000000080002d0       0x24 /Users/muhsinfatih/developer/quadcopter/quadcopter/build/stm32f4xx_it.o
                0x00000000080002d0                NMI_Handler
                0x00000000080002d4                HardFault_Handler
 .text          0x00000000080002f4      0x168 /Users/muhsinfatih/developer/quadcopter/quadcopter/build/system_stm32f4xx.o
                0x00000000080002f4                SystemInit
                0x00000000080003e8                SystemCoreClockUpdate
 .text          0x000000000800045c      0x540 /Users/muhsinfatih/developer/quadcopter/quadcopter/lib/STM32F4xx_StdPeriph_Driver/libstdperiph.a(stm32f4xx_rcc.o)
                0x000000000800045c                RCC_DeInit
                0x00000000080004ac                RCC_HSEConfig
                0x00000000080004bc                RCC_WaitForHSEStartUp
                0x00000000080004f0                RCC_AdjustHSICalibrationValue
                0x0000000008000504                RCC_HSICmd
                0x0000000008000510                RCC_LSEConfig
                0x0000000008000530                RCC_LSICmd
                0x000000000800053c                RCC_PLLConfig
                0x0000000008000560                RCC_PLLCmd
                0x000000000800056c                RCC_PLLI2SConfig
                0x0000000008000580                RCC_PLLI2SCmd
                0x000000000800058c                RCC_PLLSAIConfig
                0x00000000080005a4                RCC_PLLSAICmd
                0x00000000080005b0                RCC_ClockSecuritySystemCmd
                0x00000000080005bc                RCC_MCO1Config
                0x00000000080005d0                RCC_MCO2Config
                0x00000000080005e4                RCC_SYSCLKConfig
                0x00000000080005f8                RCC_GetSYSCLKSource
                0x0000000008000608                RCC_HCLKConfig
                0x000000000800061c                RCC_PCLK1Config
                0x0000000008000630                RCC_PCLK2Config
                0x0000000008000644                RCC_GetClocksFreq
                0x00000000080006dc                RCC_RTCCLKConfig
                0x000000000800070c                RCC_RTCCLKCmd
                0x0000000008000718                RCC_BackupResetCmd
                0x0000000008000724                RCC_I2SCLKConfig
                0x0000000008000730                RCC_SAIPLLI2SClkDivConfig
                0x0000000008000748                RCC_SAIPLLSAIClkDivConfig
                0x0000000008000764                RCC_SAIBlockACLKConfig
                0x000000000800077c                RCC_SAIBlockBCLKConfig
                0x0000000008000794                RCC_LTDCCLKDivConfig
                0x00000000080007ac                RCC_TIMCLKPresConfig
                0x00000000080007b8                RCC_AHB1PeriphClockCmd
                0x00000000080007d0                RCC_AHB2PeriphClockCmd
                0x00000000080007e8                RCC_AHB3PeriphClockCmd
                0x0000000008000800                RCC_APB1PeriphClockCmd
                0x0000000008000818                RCC_APB2PeriphClockCmd
                0x0000000008000830                RCC_AHB1PeriphResetCmd
                0x0000000008000848                RCC_AHB2PeriphResetCmd
                0x0000000008000860                RCC_AHB3PeriphResetCmd
                0x0000000008000878                RCC_APB1PeriphResetCmd
                0x0000000008000890                RCC_APB2PeriphResetCmd
                0x00000000080008a8                RCC_AHB1PeriphClockLPModeCmd
                0x00000000080008c0                RCC_AHB2PeriphClockLPModeCmd
                0x00000000080008d8                RCC_AHB3PeriphClockLPModeCmd
                0x00000000080008f0                RCC_APB1PeriphClockLPModeCmd
                0x0000000008000908                RCC_APB2PeriphClockLPModeCmd
                0x0000000008000920                RCC_ITConfig
                0x0000000008000938                RCC_GetFlagStatus
                0x000000000800096c                RCC_ClearFlag
                0x000000000800097c                RCC_GetITStatus
                0x0000000008000990                RCC_ClearITPendingBit
 .text          0x000000000800099c      0x2b8 /Users/muhsinfatih/developer/quadcopter/quadcopter/lib/STM32F4xx_StdPeriph_Driver/libstdperiph.a(stm32f4xx_gpio.o)
                0x000000000800099c                GPIO_DeInit
                0x0000000008000af8                GPIO_Init
                0x0000000008000bac                GPIO_StructInit
                0x0000000008000bc0                GPIO_PinLockConfig
                0x0000000008000be4                GPIO_ReadInputDataBit
                0x0000000008000bf0                GPIO_ReadInputData
                0x0000000008000bf8                GPIO_ReadOutputDataBit
                0x0000000008000c04                GPIO_ReadOutputData
                0x0000000008000c0c                GPIO_SetBits
                0x0000000008000c10                GPIO_ResetBits
                0x0000000008000c14                GPIO_WriteBit
                0x0000000008000c20                GPIO_Write
                0x0000000008000c24                GPIO_ToggleBits
                0x0000000008000c2c                GPIO_PinAFConfig
 *(.text*)
 .text.startup  0x0000000008000c54       0x98 /Users/muhsinfatih/developer/quadcopter/quadcopter/build/main.o
                0x0000000008000c54                main
 *(.rodata)
 *(.rodata*)
 *(.glue_7)
 .glue_7        0x0000000000000000        0x0 linker stubs
 *(.glue_7t)
 .glue_7t       0x0000000000000000        0x0 linker stubs
 *(.eh_frame)
 *(.init)
 *(.fini)
                0x0000000008000cec                . = ALIGN (0x4)
                0x0000000008000cec                _etext = .
                0x0000000008000cec                _exit = .

.vfp11_veneer   0x0000000008000cec        0x0
 .vfp11_veneer  0x0000000000000000        0x0 linker stubs

.v4_bx          0x0000000008000cec        0x0
 .v4_bx         0x0000000000000000        0x0 linker stubs

.iplt           0x0000000008000cec        0x0
 .iplt          0x0000000000000000        0x0 /Users/muhsinfatih/developer/quadcopter/quadcopter/build/main.o

.rel.dyn        0x0000000008000cec        0x0
 .rel.iplt      0x0000000000000000        0x0 /Users/muhsinfatih/developer/quadcopter/quadcopter/build/main.o

.ARM.extab
 *(.ARM.extab* .gnu.linkonce.armextab.*)

.ARM            0x0000000008000cec        0x0
                0x0000000008000cec                __exidx_start = .
 *(.ARM.exidx*)
                0x0000000008000cec                __exidx_end = .

.preinit_array  0x0000000008000cec        0x0
                0x0000000008000cec                PROVIDE (__preinit_array_start, .)
 *(.preinit_array*)
                0x0000000008000cec                PROVIDE (__preinit_array_end, .)

.init_array     0x0000000008000cec        0x0
                0x0000000008000cec                PROVIDE (__init_array_start, .)
 *(SORT(.init_array.*))
 *(.init_array*)
                0x0000000008000cec                PROVIDE (__init_array_end, .)

.fini_array     0x0000000008000cec        0x0
                0x0000000008000cec                PROVIDE (__fini_array_start, .)
 *(.fini_array*)
 *(SORT(.fini_array.*))
                0x0000000008000cec                PROVIDE (__fini_array_end, .)
                0x0000000008000cec                __sidata = .

.data           0x0000000020000000       0x24 load address 0x0000000008000cec
                0x0000000020000000                . = ALIGN (0x4)
                0x0000000020000000                _sdata = .
                0x0000000020000000                __data_start__ = _sdata
 *(.data)
 .data          0x0000000020000000       0x14 /Users/muhsinfatih/developer/quadcopter/quadcopter/build/system_stm32f4xx.o
                0x0000000020000000                AHBPrescTable
                0x0000000020000010                SystemCoreClock
 .data          0x0000000020000014       0x10 /Users/muhsinfatih/developer/quadcopter/quadcopter/lib/STM32F4xx_StdPeriph_Driver/libstdperiph.a(stm32f4xx_rcc.o)
 *(.data*)
                0x0000000020000024                . = ALIGN (0x4)
                0x0000000020000024                _edata = .
                0x0000000020000024                __data_end__ = _edata

.igot.plt       0x0000000020000024        0x0 load address 0x0000000008000d10
 .igot.plt      0x0000000000000000        0x0 /Users/muhsinfatih/developer/quadcopter/quadcopter/build/main.o
                0x0000000020000024                . = ALIGN (0x4)

.bss            0x0000000020000024        0x4 load address 0x0000000008000d10
                0x0000000020000024                _sbss = .
                0x0000000020000024                __bss_start__ = _sbss
 *(.bss)
 *(.bss*)
 *(COMMON)
 COMMON         0x0000000020000024        0x4 /Users/muhsinfatih/developer/quadcopter/quadcopter/build/main.o
                0x0000000020000024                msTicks
                0x0000000020000028                . = ALIGN (0x4)
                0x0000000020000028                _ebss = .
                0x0000000020000028                __bss_end__ = _ebss

._user_heap_stack
                0x0000000020000028      0x400 load address 0x0000000008000d14
                0x0000000020000028                . = ALIGN (0x4)
                0x0000000020000028                PROVIDE (end, .)
                0x0000000020000028                PROVIDE (_end, .)
                0x0000000020000028                . = (. + _Min_Heap_Size)
                0x0000000020000428                . = (. + _Min_Stack_Size)
 *fill*         0x0000000020000028      0x400 
                0x0000000020000428                . = ALIGN (0x4)
OUTPUT(/Users/muhsinfatih/developer/quadcopter/quadcopter/build/quadcopter.elf elf32-littlearm)

.debug_info     0x0000000000000000     0x2ab2
 .debug_info    0x0000000000000000      0xbd6 /Users/muhsinfatih/developer/quadcopter/quadcopter/build/main.o
 .debug_info    0x0000000000000bd6      0x11d /Users/muhsinfatih/developer/quadcopter/quadcopter/build/startup_stm32f4xx.o
 .debug_info    0x0000000000000cf3      0x133 /Users/muhsinfatih/developer/quadcopter/quadcopter/build/stm32f4xx_it.o
 .debug_info    0x0000000000000e26      0x5e2 /Users/muhsinfatih/developer/quadcopter/quadcopter/build/system_stm32f4xx.o
 .debug_info    0x0000000000001408      0xe91 /Users/muhsinfatih/developer/quadcopter/quadcopter/lib/STM32F4xx_StdPeriph_Driver/libstdperiph.a(stm32f4xx_rcc.o)
 .debug_info    0x0000000000002299      0x819 /Users/muhsinfatih/developer/quadcopter/quadcopter/lib/STM32F4xx_StdPeriph_Driver/libstdperiph.a(stm32f4xx_gpio.o)

.debug_abbrev   0x0000000000000000      0xa37
 .debug_abbrev  0x0000000000000000      0x34e /Users/muhsinfatih/developer/quadcopter/quadcopter/build/main.o
 .debug_abbrev  0x000000000000034e       0xe5 /Users/muhsinfatih/developer/quadcopter/quadcopter/build/startup_stm32f4xx.o
 .debug_abbrev  0x0000000000000433       0x67 /Users/muhsinfatih/developer/quadcopter/quadcopter/build/stm32f4xx_it.o
 .debug_abbrev  0x000000000000049a      0x145 /Users/muhsinfatih/developer/quadcopter/quadcopter/build/system_stm32f4xx.o
 .debug_abbrev  0x00000000000005df      0x260 /Users/muhsinfatih/developer/quadcopter/quadcopter/lib/STM32F4xx_StdPeriph_Driver/libstdperiph.a(stm32f4xx_rcc.o)
 .debug_abbrev  0x000000000000083f      0x1f8 /Users/muhsinfatih/developer/quadcopter/quadcopter/lib/STM32F4xx_StdPeriph_Driver/libstdperiph.a(stm32f4xx_gpio.o)

.debug_loc      0x0000000000000000     0x138c
 .debug_loc     0x0000000000000000      0x11b /Users/muhsinfatih/developer/quadcopter/quadcopter/build/main.o
 .debug_loc     0x000000000000011b       0x3e /Users/muhsinfatih/developer/quadcopter/quadcopter/build/startup_stm32f4xx.o
 .debug_loc     0x0000000000000159      0x13f /Users/muhsinfatih/developer/quadcopter/quadcopter/build/system_stm32f4xx.o
 .debug_loc     0x0000000000000298      0xd3c /Users/muhsinfatih/developer/quadcopter/quadcopter/lib/STM32F4xx_StdPeriph_Driver/libstdperiph.a(stm32f4xx_rcc.o)
 .debug_loc     0x0000000000000fd4      0x3b8 /Users/muhsinfatih/developer/quadcopter/quadcopter/lib/STM32F4xx_StdPeriph_Driver/libstdperiph.a(stm32f4xx_gpio.o)

.debug_aranges  0x0000000000000000       0xc8
 .debug_aranges
                0x0000000000000000       0x28 /Users/muhsinfatih/developer/quadcopter/quadcopter/build/main.o
 .debug_aranges
                0x0000000000000028       0x20 /Users/muhsinfatih/developer/quadcopter/quadcopter/build/startup_stm32f4xx.o
 .debug_aranges
                0x0000000000000048       0x20 /Users/muhsinfatih/developer/quadcopter/quadcopter/build/stm32f4xx_it.o
 .debug_aranges
                0x0000000000000068       0x20 /Users/muhsinfatih/developer/quadcopter/quadcopter/build/system_stm32f4xx.o
 .debug_aranges
                0x0000000000000088       0x20 /Users/muhsinfatih/developer/quadcopter/quadcopter/lib/STM32F4xx_StdPeriph_Driver/libstdperiph.a(stm32f4xx_rcc.o)
 .debug_aranges
                0x00000000000000a8       0x20 /Users/muhsinfatih/developer/quadcopter/quadcopter/lib/STM32F4xx_StdPeriph_Driver/libstdperiph.a(stm32f4xx_gpio.o)

.debug_ranges   0x0000000000000000      0x128
 .debug_ranges  0x0000000000000000       0xf0 /Users/muhsinfatih/developer/quadcopter/quadcopter/build/main.o
 .debug_ranges  0x00000000000000f0       0x18 /Users/muhsinfatih/developer/quadcopter/quadcopter/build/system_stm32f4xx.o
 .debug_ranges  0x0000000000000108       0x20 /Users/muhsinfatih/developer/quadcopter/quadcopter/lib/STM32F4xx_StdPeriph_Driver/libstdperiph.a(stm32f4xx_rcc.o)

.debug_line     0x0000000000000000      0xcaa
 .debug_line    0x0000000000000000      0x314 /Users/muhsinfatih/developer/quadcopter/quadcopter/build/main.o
 .debug_line    0x0000000000000314       0x68 /Users/muhsinfatih/developer/quadcopter/quadcopter/build/startup_stm32f4xx.o
 .debug_line    0x000000000000037c      0x170 /Users/muhsinfatih/developer/quadcopter/quadcopter/build/stm32f4xx_it.o
 .debug_line    0x00000000000004ec      0x200 /Users/muhsinfatih/developer/quadcopter/quadcopter/build/system_stm32f4xx.o
 .debug_line    0x00000000000006ec      0x33a /Users/muhsinfatih/developer/quadcopter/quadcopter/lib/STM32F4xx_StdPeriph_Driver/libstdperiph.a(stm32f4xx_rcc.o)
 .debug_line    0x0000000000000a26      0x284 /Users/muhsinfatih/developer/quadcopter/quadcopter/lib/STM32F4xx_StdPeriph_Driver/libstdperiph.a(stm32f4xx_gpio.o)

.debug_str      0x0000000000000000     0x151c
 .debug_str     0x0000000000000000      0x9d6 /Users/muhsinfatih/developer/quadcopter/quadcopter/build/main.o
                                        0xa3b (size before relaxing)
 .debug_str     0x00000000000009d6       0xa0 /Users/muhsinfatih/developer/quadcopter/quadcopter/build/startup_stm32f4xx.o
                                        0x182 (size before relaxing)
 .debug_str     0x0000000000000a76       0x8f /Users/muhsinfatih/developer/quadcopter/quadcopter/build/stm32f4xx_it.o
                                        0x20d (size before relaxing)
 .debug_str     0x0000000000000b05      0x170 /Users/muhsinfatih/developer/quadcopter/quadcopter/build/system_stm32f4xx.o
                                        0x3d7 (size before relaxing)
 .debug_str     0x0000000000000c75      0x76f /Users/muhsinfatih/developer/quadcopter/quadcopter/lib/STM32F4xx_StdPeriph_Driver/libstdperiph.a(stm32f4xx_rcc.o)
                                        0x9c0 (size before relaxing)
 .debug_str     0x00000000000013e4      0x138 /Users/muhsinfatih/developer/quadcopter/quadcopter/lib/STM32F4xx_StdPeriph_Driver/libstdperiph.a(stm32f4xx_gpio.o)
                                        0x4f2 (size before relaxing)

.comment        0x0000000000000000       0x70
 .comment       0x0000000000000000       0x70 /Users/muhsinfatih/developer/quadcopter/quadcopter/build/main.o
                                         0x71 (size before relaxing)
 .comment       0x0000000000000000       0x71 /Users/muhsinfatih/developer/quadcopter/quadcopter/build/startup_stm32f4xx.o
 .comment       0x0000000000000000       0x71 /Users/muhsinfatih/developer/quadcopter/quadcopter/build/stm32f4xx_it.o
 .comment       0x0000000000000000       0x71 /Users/muhsinfatih/developer/quadcopter/quadcopter/build/system_stm32f4xx.o
 .comment       0x0000000000000000       0x71 /Users/muhsinfatih/developer/quadcopter/quadcopter/lib/STM32F4xx_StdPeriph_Driver/libstdperiph.a(stm32f4xx_rcc.o)
 .comment       0x0000000000000000       0x71 /Users/muhsinfatih/developer/quadcopter/quadcopter/lib/STM32F4xx_StdPeriph_Driver/libstdperiph.a(stm32f4xx_gpio.o)

.ARM.attributes
                0x0000000000000000       0x31
 .ARM.attributes
                0x0000000000000000       0x33 /Users/muhsinfatih/developer/quadcopter/quadcopter/build/main.o
 .ARM.attributes
                0x0000000000000033       0x33 /Users/muhsinfatih/developer/quadcopter/quadcopter/build/startup_stm32f4xx.o
 .ARM.attributes
                0x0000000000000066       0x33 /Users/muhsinfatih/developer/quadcopter/quadcopter/build/stm32f4xx_it.o
 .ARM.attributes
                0x0000000000000099       0x33 /Users/muhsinfatih/developer/quadcopter/quadcopter/build/system_stm32f4xx.o
 .ARM.attributes
                0x00000000000000cc       0x33 /Users/muhsinfatih/developer/quadcopter/quadcopter/lib/STM32F4xx_StdPeriph_Driver/libstdperiph.a(stm32f4xx_rcc.o)
 .ARM.attributes
                0x00000000000000ff       0x33 /Users/muhsinfatih/developer/quadcopter/quadcopter/lib/STM32F4xx_StdPeriph_Driver/libstdperiph.a(stm32f4xx_gpio.o)

.debug_frame    0x0000000000000000      0x6b8
 .debug_frame   0x0000000000000000       0xac /Users/muhsinfatih/developer/quadcopter/quadcopter/build/main.o
 .debug_frame   0x00000000000000ac       0x40 /Users/muhsinfatih/developer/quadcopter/quadcopter/build/startup_stm32f4xx.o
 .debug_frame   0x00000000000000ec       0xa0 /Users/muhsinfatih/developer/quadcopter/quadcopter/build/stm32f4xx_it.o
 .debug_frame   0x000000000000018c       0x3c /Users/muhsinfatih/developer/quadcopter/quadcopter/build/system_stm32f4xx.o
 .debug_frame   0x00000000000001c8      0x37c /Users/muhsinfatih/developer/quadcopter/quadcopter/lib/STM32F4xx_StdPeriph_Driver/libstdperiph.a(stm32f4xx_rcc.o)
 .debug_frame   0x0000000000000544      0x174 /Users/muhsinfatih/developer/quadcopter/quadcopter/lib/STM32F4xx_StdPeriph_Driver/libstdperiph.a(stm32f4xx_gpio.o)

Cross Reference Table

Symbol                                            File
ADC_IRQHandler                                    /Users/muhsinfatih/developer/quadcopter/quadcopter/build/startup_stm32f4xx.o
AHBPrescTable                                     /Users/muhsinfatih/developer/quadcopter/quadcopter/build/system_stm32f4xx.o
BusFault_Handler                                  /Users/muhsinfatih/developer/quadcopter/quadcopter/build/startup_stm32f4xx.o
CAN1_RX0_IRQHandler                               /Users/muhsinfatih/developer/quadcopter/quadcopter/build/startup_stm32f4xx.o
CAN1_RX1_IRQHandler                               /Users/muhsinfatih/developer/quadcopter/quadcopter/build/startup_stm32f4xx.o
CAN1_SCE_IRQHandler                               /Users/muhsinfatih/developer/quadcopter/quadcopter/build/startup_stm32f4xx.o
CAN1_TX_IRQHandler                                /Users/muhsinfatih/developer/quadcopter/quadcopter/build/startup_stm32f4xx.o
CAN2_RX0_IRQHandler                               /Users/muhsinfatih/developer/quadcopter/quadcopter/build/startup_stm32f4xx.o
CAN2_RX1_IRQHandler                               /Users/muhsinfatih/developer/quadcopter/quadcopter/build/startup_stm32f4xx.o
CAN2_SCE_IRQHandler                               /Users/muhsinfatih/developer/quadcopter/quadcopter/build/startup_stm32f4xx.o
CAN2_TX_IRQHandler                                /Users/muhsinfatih/developer/quadcopter/quadcopter/build/startup_stm32f4xx.o
CRYP_IRQHandler                                   /Users/muhsinfatih/developer/quadcopter/quadcopter/build/startup_stm32f4xx.o
DCMI_IRQHandler                                   /Users/muhsinfatih/developer/quadcopter/quadcopter/build/startup_stm32f4xx.o
DMA1_Stream0_IRQHandler                           /Users/muhsinfatih/developer/quadcopter/quadcopter/build/startup_stm32f4xx.o
DMA1_Stream1_IRQHandler                           /Users/muhsinfatih/developer/quadcopter/quadcopter/build/startup_stm32f4xx.o
DMA1_Stream2_IRQHandler                           /Users/muhsinfatih/developer/quadcopter/quadcopter/build/startup_stm32f4xx.o
DMA1_Stream3_IRQHandler                           /Users/muhsinfatih/developer/quadcopter/quadcopter/build/startup_stm32f4xx.o
DMA1_Stream4_IRQHandler                           /Users/muhsinfatih/developer/quadcopter/quadcopter/build/startup_stm32f4xx.o
DMA1_Stream5_IRQHandler                           /Users/muhsinfatih/developer/quadcopter/quadcopter/build/startup_stm32f4xx.o
DMA1_Stream6_IRQHandler                           /Users/muhsinfatih/developer/quadcopter/quadcopter/build/startup_stm32f4xx.o
DMA1_Stream7_IRQHandler                           /Users/muhsinfatih/developer/quadcopter/quadcopter/build/startup_stm32f4xx.o
DMA2_Stream0_IRQHandler                           /Users/muhsinfatih/developer/quadcopter/quadcopter/build/startup_stm32f4xx.o
DMA2_Stream1_IRQHandler                           /Users/muhsinfatih/developer/quadcopter/quadcopter/build/startup_stm32f4xx.o
DMA2_Stream2_IRQHandler                           /Users/muhsinfatih/developer/quadcopter/quadcopter/build/startup_stm32f4xx.o
DMA2_Stream3_IRQHandler                           /Users/muhsinfatih/developer/quadcopter/quadcopter/build/startup_stm32f4xx.o
DMA2_Stream4_IRQHandler                           /Users/muhsinfatih/developer/quadcopter/quadcopter/build/startup_stm32f4xx.o
DMA2_Stream5_IRQHandler                           /Users/muhsinfatih/developer/quadcopter/quadcopter/build/startup_stm32f4xx.o
DMA2_Stream6_IRQHandler                           /Users/muhsinfatih/developer/quadcopter/quadcopter/build/startup_stm32f4xx.o
DMA2_Stream7_IRQHandler                           /Users/muhsinfatih/developer/quadcopter/quadcopter/build/startup_stm32f4xx.o
DebugMon_Handler                                  /Users/muhsinfatih/developer/quadcopter/quadcopter/build/startup_stm32f4xx.o
Default_Handler                                   /Users/muhsinfatih/developer/quadcopter/quadcopter/build/startup_stm32f4xx.o
ETH_IRQHandler                                    /Users/muhsinfatih/developer/quadcopter/quadcopter/build/startup_stm32f4xx.o
ETH_WKUP_IRQHandler                               /Users/muhsinfatih/developer/quadcopter/quadcopter/build/startup_stm32f4xx.o
EXTI0_IRQHandler                                  /Users/muhsinfatih/developer/quadcopter/quadcopter/build/startup_stm32f4xx.o
EXTI15_10_IRQHandler                              /Users/muhsinfatih/developer/quadcopter/quadcopter/build/startup_stm32f4xx.o
EXTI1_IRQHandler                                  /Users/muhsinfatih/developer/quadcopter/quadcopter/build/startup_stm32f4xx.o
EXTI2_IRQHandler                                  /Users/muhsinfatih/developer/quadcopter/quadcopter/build/startup_stm32f4xx.o
EXTI3_IRQHandler                                  /Users/muhsinfatih/developer/quadcopter/quadcopter/build/startup_stm32f4xx.o
EXTI4_IRQHandler                                  /Users/muhsinfatih/developer/quadcopter/quadcopter/build/startup_stm32f4xx.o
EXTI9_5_IRQHandler                                /Users/muhsinfatih/developer/quadcopter/quadcopter/build/startup_stm32f4xx.o
FLASH_IRQHandler                                  /Users/muhsinfatih/developer/quadcopter/quadcopter/build/startup_stm32f4xx.o
FPU_IRQHandler                                    /Users/muhsinfatih/developer/quadcopter/quadcopter/build/startup_stm32f4xx.o
FSMC_IRQHandler                                   /Users/muhsinfatih/developer/quadcopter/quadcopter/build/startup_stm32f4xx.o
GPIO_DeInit                                       /Users/muhsinfatih/developer/quadcopter/quadcopter/lib/STM32F4xx_StdPeriph_Driver/libstdperiph.a(stm32f4xx_gpio.o)
GPIO_Init                                         /Users/muhsinfatih/developer/quadcopter/quadcopter/lib/STM32F4xx_StdPeriph_Driver/libstdperiph.a(stm32f4xx_gpio.o)
                                                  /Users/muhsinfatih/developer/quadcopter/quadcopter/build/main.o
GPIO_PinAFConfig                                  /Users/muhsinfatih/developer/quadcopter/quadcopter/lib/STM32F4xx_StdPeriph_Driver/libstdperiph.a(stm32f4xx_gpio.o)
GPIO_PinLockConfig                                /Users/muhsinfatih/developer/quadcopter/quadcopter/lib/STM32F4xx_StdPeriph_Driver/libstdperiph.a(stm32f4xx_gpio.o)
GPIO_ReadInputData                                /Users/muhsinfatih/developer/quadcopter/quadcopter/lib/STM32F4xx_StdPeriph_Driver/libstdperiph.a(stm32f4xx_gpio.o)
GPIO_ReadInputDataBit                             /Users/muhsinfatih/developer/quadcopter/quadcopter/lib/STM32F4xx_StdPeriph_Driver/libstdperiph.a(stm32f4xx_gpio.o)
                                                  /Users/muhsinfatih/developer/quadcopter/quadcopter/build/main.o
GPIO_ReadOutputData                               /Users/muhsinfatih/developer/quadcopter/quadcopter/lib/STM32F4xx_StdPeriph_Driver/libstdperiph.a(stm32f4xx_gpio.o)
GPIO_ReadOutputDataBit                            /Users/muhsinfatih/developer/quadcopter/quadcopter/lib/STM32F4xx_StdPeriph_Driver/libstdperiph.a(stm32f4xx_gpio.o)
GPIO_ResetBits                                    /Users/muhsinfatih/developer/quadcopter/quadcopter/lib/STM32F4xx_StdPeriph_Driver/libstdperiph.a(stm32f4xx_gpio.o)
GPIO_SetBits                                      /Users/muhsinfatih/developer/quadcopter/quadcopter/lib/STM32F4xx_StdPeriph_Driver/libstdperiph.a(stm32f4xx_gpio.o)
GPIO_StructInit                                   /Users/muhsinfatih/developer/quadcopter/quadcopter/lib/STM32F4xx_StdPeriph_Driver/libstdperiph.a(stm32f4xx_gpio.o)
GPIO_ToggleBits                                   /Users/muhsinfatih/developer/quadcopter/quadcopter/lib/STM32F4xx_StdPeriph_Driver/libstdperiph.a(stm32f4xx_gpio.o)
                                                  /Users/muhsinfatih/developer/quadcopter/quadcopter/build/main.o
GPIO_Write                                        /Users/muhsinfatih/developer/quadcopter/quadcopter/lib/STM32F4xx_StdPeriph_Driver/libstdperiph.a(stm32f4xx_gpio.o)
GPIO_WriteBit                                     /Users/muhsinfatih/developer/quadcopter/quadcopter/lib/STM32F4xx_StdPeriph_Driver/libstdperiph.a(stm32f4xx_gpio.o)
HASH_RNG_IRQHandler                               /Users/muhsinfatih/developer/quadcopter/quadcopter/build/startup_stm32f4xx.o
HardFault_Handler                                 /Users/muhsinfatih/developer/quadcopter/quadcopter/build/stm32f4xx_it.o
                                                  /Users/muhsinfatih/developer/quadcopter/quadcopter/build/startup_stm32f4xx.o
I2C1_ER_IRQHandler                                /Users/muhsinfatih/developer/quadcopter/quadcopter/build/startup_stm32f4xx.o
I2C1_EV_IRQHandler                                /Users/muhsinfatih/developer/quadcopter/quadcopter/build/startup_stm32f4xx.o
I2C2_ER_IRQHandler                                /Users/muhsinfatih/developer/quadcopter/quadcopter/build/startup_stm32f4xx.o
I2C2_EV_IRQHandler                                /Users/muhsinfatih/developer/quadcopter/quadcopter/build/startup_stm32f4xx.o
I2C3_ER_IRQHandler                                /Users/muhsinfatih/developer/quadcopter/quadcopter/build/startup_stm32f4xx.o
I2C3_EV_IRQHandler                                /Users/muhsinfatih/developer/quadcopter/quadcopter/build/startup_stm32f4xx.o
MemManage_Handler                                 /Users/muhsinfatih/developer/quadcopter/quadcopter/build/startup_stm32f4xx.o
NMI_Handler                                       /Users/muhsinfatih/developer/quadcopter/quadcopter/build/stm32f4xx_it.o
                                                  /Users/muhsinfatih/developer/quadcopter/quadcopter/build/startup_stm32f4xx.o
OTG_FS_IRQHandler                                 /Users/muhsinfatih/developer/quadcopter/quadcopter/build/startup_stm32f4xx.o
OTG_FS_WKUP_IRQHandler                            /Users/muhsinfatih/developer/quadcopter/quadcopter/build/startup_stm32f4xx.o
OTG_HS_EP1_IN_IRQHandler                          /Users/muhsinfatih/developer/quadcopter/quadcopter/build/startup_stm32f4xx.o
OTG_HS_EP1_OUT_IRQHandler                         /Users/muhsinfatih/developer/quadcopter/quadcopter/build/startup_stm32f4xx.o
OTG_HS_IRQHandler                                 /Users/muhsinfatih/developer/quadcopter/quadcopter/build/startup_stm32f4xx.o
OTG_HS_WKUP_IRQHandler                            /Users/muhsinfatih/developer/quadcopter/quadcopter/build/startup_stm32f4xx.o
PVD_IRQHandler                                    /Users/muhsinfatih/developer/quadcopter/quadcopter/build/startup_stm32f4xx.o
PendSV_Handler                                    /Users/muhsinfatih/developer/quadcopter/quadcopter/build/startup_stm32f4xx.o
RCC_AHB1PeriphClockCmd                            /Users/muhsinfatih/developer/quadcopter/quadcopter/lib/STM32F4xx_StdPeriph_Driver/libstdperiph.a(stm32f4xx_rcc.o)
                                                  /Users/muhsinfatih/developer/quadcopter/quadcopter/build/main.o
RCC_AHB1PeriphClockLPModeCmd                      /Users/muhsinfatih/developer/quadcopter/quadcopter/lib/STM32F4xx_StdPeriph_Driver/libstdperiph.a(stm32f4xx_rcc.o)
RCC_AHB1PeriphResetCmd                            /Users/muhsinfatih/developer/quadcopter/quadcopter/lib/STM32F4xx_StdPeriph_Driver/libstdperiph.a(stm32f4xx_rcc.o)
                                                  /Users/muhsinfatih/developer/quadcopter/quadcopter/lib/STM32F4xx_StdPeriph_Driver/libstdperiph.a(stm32f4xx_gpio.o)
RCC_AHB2PeriphClockCmd                            /Users/muhsinfatih/developer/quadcopter/quadcopter/lib/STM32F4xx_StdPeriph_Driver/libstdperiph.a(stm32f4xx_rcc.o)
RCC_AHB2PeriphClockLPModeCmd                      /Users/muhsinfatih/developer/quadcopter/quadcopter/lib/STM32F4xx_StdPeriph_Driver/libstdperiph.a(stm32f4xx_rcc.o)
RCC_AHB2PeriphResetCmd                            /Users/muhsinfatih/developer/quadcopter/quadcopter/lib/STM32F4xx_StdPeriph_Driver/libstdperiph.a(stm32f4xx_rcc.o)
RCC_AHB3PeriphClockCmd                            /Users/muhsinfatih/developer/quadcopter/quadcopter/lib/STM32F4xx_StdPeriph_Driver/libstdperiph.a(stm32f4xx_rcc.o)
RCC_AHB3PeriphClockLPModeCmd                      /Users/muhsinfatih/developer/quadcopter/quadcopter/lib/STM32F4xx_StdPeriph_Driver/libstdperiph.a(stm32f4xx_rcc.o)
RCC_AHB3PeriphResetCmd                            /Users/muhsinfatih/developer/quadcopter/quadcopter/lib/STM32F4xx_StdPeriph_Driver/libstdperiph.a(stm32f4xx_rcc.o)
RCC_APB1PeriphClockCmd                            /Users/muhsinfatih/developer/quadcopter/quadcopter/lib/STM32F4xx_StdPeriph_Driver/libstdperiph.a(stm32f4xx_rcc.o)
RCC_APB1PeriphClockLPModeCmd                      /Users/muhsinfatih/developer/quadcopter/quadcopter/lib/STM32F4xx_StdPeriph_Driver/libstdperiph.a(stm32f4xx_rcc.o)
RCC_APB1PeriphResetCmd                            /Users/muhsinfatih/developer/quadcopter/quadcopter/lib/STM32F4xx_StdPeriph_Driver/libstdperiph.a(stm32f4xx_rcc.o)
RCC_APB2PeriphClockCmd                            /Users/muhsinfatih/developer/quadcopter/quadcopter/lib/STM32F4xx_StdPeriph_Driver/libstdperiph.a(stm32f4xx_rcc.o)
RCC_APB2PeriphClockLPModeCmd                      /Users/muhsinfatih/developer/quadcopter/quadcopter/lib/STM32F4xx_StdPeriph_Driver/libstdperiph.a(stm32f4xx_rcc.o)
RCC_APB2PeriphResetCmd                            /Users/muhsinfatih/developer/quadcopter/quadcopter/lib/STM32F4xx_StdPeriph_Driver/libstdperiph.a(stm32f4xx_rcc.o)
RCC_AdjustHSICalibrationValue                     /Users/muhsinfatih/developer/quadcopter/quadcopter/lib/STM32F4xx_StdPeriph_Driver/libstdperiph.a(stm32f4xx_rcc.o)
RCC_BackupResetCmd                                /Users/muhsinfatih/developer/quadcopter/quadcopter/lib/STM32F4xx_StdPeriph_Driver/libstdperiph.a(stm32f4xx_rcc.o)
RCC_ClearFlag                                     /Users/muhsinfatih/developer/quadcopter/quadcopter/lib/STM32F4xx_StdPeriph_Driver/libstdperiph.a(stm32f4xx_rcc.o)
RCC_ClearITPendingBit                             /Users/muhsinfatih/developer/quadcopter/quadcopter/lib/STM32F4xx_StdPeriph_Driver/libstdperiph.a(stm32f4xx_rcc.o)
RCC_ClockSecuritySystemCmd                        /Users/muhsinfatih/developer/quadcopter/quadcopter/lib/STM32F4xx_StdPeriph_Driver/libstdperiph.a(stm32f4xx_rcc.o)
RCC_DeInit                                        /Users/muhsinfatih/developer/quadcopter/quadcopter/lib/STM32F4xx_StdPeriph_Driver/libstdperiph.a(stm32f4xx_rcc.o)
RCC_GetClocksFreq                                 /Users/muhsinfatih/developer/quadcopter/quadcopter/lib/STM32F4xx_StdPeriph_Driver/libstdperiph.a(stm32f4xx_rcc.o)
RCC_GetFlagStatus                                 /Users/muhsinfatih/developer/quadcopter/quadcopter/lib/STM32F4xx_StdPeriph_Driver/libstdperiph.a(stm32f4xx_rcc.o)
RCC_GetITStatus                                   /Users/muhsinfatih/developer/quadcopter/quadcopter/lib/STM32F4xx_StdPeriph_Driver/libstdperiph.a(stm32f4xx_rcc.o)
RCC_GetSYSCLKSource                               /Users/muhsinfatih/developer/quadcopter/quadcopter/lib/STM32F4xx_StdPeriph_Driver/libstdperiph.a(stm32f4xx_rcc.o)
RCC_HCLKConfig                                    /Users/muhsinfatih/developer/quadcopter/quadcopter/lib/STM32F4xx_StdPeriph_Driver/libstdperiph.a(stm32f4xx_rcc.o)
RCC_HSEConfig                                     /Users/muhsinfatih/developer/quadcopter/quadcopter/lib/STM32F4xx_StdPeriph_Driver/libstdperiph.a(stm32f4xx_rcc.o)
RCC_HSICmd                                        /Users/muhsinfatih/developer/quadcopter/quadcopter/lib/STM32F4xx_StdPeriph_Driver/libstdperiph.a(stm32f4xx_rcc.o)
RCC_I2SCLKConfig                                  /Users/muhsinfatih/developer/quadcopter/quadcopter/lib/STM32F4xx_StdPeriph_Driver/libstdperiph.a(stm32f4xx_rcc.o)
RCC_IRQHandler                                    /Users/muhsinfatih/developer/quadcopter/quadcopter/build/startup_stm32f4xx.o
RCC_ITConfig                                      /Users/muhsinfatih/developer/quadcopter/quadcopter/lib/STM32F4xx_StdPeriph_Driver/libstdperiph.a(stm32f4xx_rcc.o)
RCC_LSEConfig                                     /Users/muhsinfatih/developer/quadcopter/quadcopter/lib/STM32F4xx_StdPeriph_Driver/libstdperiph.a(stm32f4xx_rcc.o)
RCC_LSICmd                                        /Users/muhsinfatih/developer/quadcopter/quadcopter/lib/STM32F4xx_StdPeriph_Driver/libstdperiph.a(stm32f4xx_rcc.o)
RCC_LTDCCLKDivConfig                              /Users/muhsinfatih/developer/quadcopter/quadcopter/lib/STM32F4xx_StdPeriph_Driver/libstdperiph.a(stm32f4xx_rcc.o)
RCC_MCO1Config                                    /Users/muhsinfatih/developer/quadcopter/quadcopter/lib/STM32F4xx_StdPeriph_Driver/libstdperiph.a(stm32f4xx_rcc.o)
RCC_MCO2Config                                    /Users/muhsinfatih/developer/quadcopter/quadcopter/lib/STM32F4xx_StdPeriph_Driver/libstdperiph.a(stm32f4xx_rcc.o)
RCC_PCLK1Config                                   /Users/muhsinfatih/developer/quadcopter/quadcopter/lib/STM32F4xx_StdPeriph_Driver/libstdperiph.a(stm32f4xx_rcc.o)
RCC_PCLK2Config                                   /Users/muhsinfatih/developer/quadcopter/quadcopter/lib/STM32F4xx_StdPeriph_Driver/libstdperiph.a(stm32f4xx_rcc.o)
RCC_PLLCmd                                        /Users/muhsinfatih/developer/quadcopter/quadcopter/lib/STM32F4xx_StdPeriph_Driver/libstdperiph.a(stm32f4xx_rcc.o)
RCC_PLLConfig                                     /Users/muhsinfatih/developer/quadcopter/quadcopter/lib/STM32F4xx_StdPeriph_Driver/libstdperiph.a(stm32f4xx_rcc.o)
RCC_PLLI2SCmd                                     /Users/muhsinfatih/developer/quadcopter/quadcopter/lib/STM32F4xx_StdPeriph_Driver/libstdperiph.a(stm32f4xx_rcc.o)
RCC_PLLI2SConfig                                  /Users/muhsinfatih/developer/quadcopter/quadcopter/lib/STM32F4xx_StdPeriph_Driver/libstdperiph.a(stm32f4xx_rcc.o)
RCC_PLLSAICmd                                     /Users/muhsinfatih/developer/quadcopter/quadcopter/lib/STM32F4xx_StdPeriph_Driver/libstdperiph.a(stm32f4xx_rcc.o)
RCC_PLLSAIConfig                                  /Users/muhsinfatih/developer/quadcopter/quadcopter/lib/STM32F4xx_StdPeriph_Driver/libstdperiph.a(stm32f4xx_rcc.o)
RCC_RTCCLKCmd                                     /Users/muhsinfatih/developer/quadcopter/quadcopter/lib/STM32F4xx_StdPeriph_Driver/libstdperiph.a(stm32f4xx_rcc.o)
RCC_RTCCLKConfig                                  /Users/muhsinfatih/developer/quadcopter/quadcopter/lib/STM32F4xx_StdPeriph_Driver/libstdperiph.a(stm32f4xx_rcc.o)
RCC_SAIBlockACLKConfig                            /Users/muhsinfatih/developer/quadcopter/quadcopter/lib/STM32F4xx_StdPeriph_Driver/libstdperiph.a(stm32f4xx_rcc.o)
RCC_SAIBlockBCLKConfig                            /Users/muhsinfatih/developer/quadcopter/quadcopter/lib/STM32F4xx_StdPeriph_Driver/libstdperiph.a(stm32f4xx_rcc.o)
RCC_SAIPLLI2SClkDivConfig                         /Users/muhsinfatih/developer/quadcopter/quadcopter/lib/STM32F4xx_StdPeriph_Driver/libstdperiph.a(stm32f4xx_rcc.o)
RCC_SAIPLLSAIClkDivConfig                         /Users/muhsinfatih/developer/quadcopter/quadcopter/lib/STM32F4xx_StdPeriph_Driver/libstdperiph.a(stm32f4xx_rcc.o)
RCC_SYSCLKConfig                                  /Users/muhsinfatih/developer/quadcopter/quadcopter/lib/STM32F4xx_StdPeriph_Driver/libstdperiph.a(stm32f4xx_rcc.o)
RCC_TIMCLKPresConfig                              /Users/muhsinfatih/developer/quadcopter/quadcopter/lib/STM32F4xx_StdPeriph_Driver/libstdperiph.a(stm32f4xx_rcc.o)
RCC_WaitForHSEStartUp                             /Users/muhsinfatih/developer/quadcopter/quadcopter/lib/STM32F4xx_StdPeriph_Driver/libstdperiph.a(stm32f4xx_rcc.o)
RTC_Alarm_IRQHandler                              /Users/muhsinfatih/developer/quadcopter/quadcopter/build/startup_stm32f4xx.o
RTC_WKUP_IRQHandler                               /Users/muhsinfatih/developer/quadcopter/quadcopter/build/startup_stm32f4xx.o
Reset_Handler                                     /Users/muhsinfatih/developer/quadcopter/quadcopter/build/startup_stm32f4xx.o
SDIO_IRQHandler                                   /Users/muhsinfatih/developer/quadcopter/quadcopter/build/startup_stm32f4xx.o
SPI1_IRQHandler                                   /Users/muhsinfatih/developer/quadcopter/quadcopter/build/startup_stm32f4xx.o
SPI2_IRQHandler                                   /Users/muhsinfatih/developer/quadcopter/quadcopter/build/startup_stm32f4xx.o
SPI3_IRQHandler                                   /Users/muhsinfatih/developer/quadcopter/quadcopter/build/startup_stm32f4xx.o
SVC_Handler                                       /Users/muhsinfatih/developer/quadcopter/quadcopter/build/startup_stm32f4xx.o
SysTick_Handler                                   /Users/muhsinfatih/developer/quadcopter/quadcopter/build/main.o
SystemCoreClock                                   /Users/muhsinfatih/developer/quadcopter/quadcopter/build/system_stm32f4xx.o
                                                  /Users/muhsinfatih/developer/quadcopter/quadcopter/build/main.o
SystemCoreClockUpdate                             /Users/muhsinfatih/developer/quadcopter/quadcopter/build/system_stm32f4xx.o
SystemInit                                        /Users/muhsinfatih/developer/quadcopter/quadcopter/build/system_stm32f4xx.o
                                                  /Users/muhsinfatih/developer/quadcopter/quadcopter/build/startup_stm32f4xx.o
TAMP_STAMP_IRQHandler                             /Users/muhsinfatih/developer/quadcopter/quadcopter/build/startup_stm32f4xx.o
TIM1_BRK_TIM9_IRQHandler                          /Users/muhsinfatih/developer/quadcopter/quadcopter/build/startup_stm32f4xx.o
TIM1_CC_IRQHandler                                /Users/muhsinfatih/developer/quadcopter/quadcopter/build/startup_stm32f4xx.o
TIM1_TRG_COM_TIM11_IRQHandler                     /Users/muhsinfatih/developer/quadcopter/quadcopter/build/startup_stm32f4xx.o
TIM1_UP_TIM10_IRQHandler                          /Users/muhsinfatih/developer/quadcopter/quadcopter/build/startup_stm32f4xx.o
TIM2_IRQHandler                                   /Users/muhsinfatih/developer/quadcopter/quadcopter/build/startup_stm32f4xx.o
TIM3_IRQHandler                                   /Users/muhsinfatih/developer/quadcopter/quadcopter/build/startup_stm32f4xx.o
TIM4_IRQHandler                                   /Users/muhsinfatih/developer/quadcopter/quadcopter/build/startup_stm32f4xx.o
TIM5_IRQHandler                                   /Users/muhsinfatih/developer/quadcopter/quadcopter/build/startup_stm32f4xx.o
TIM6_DAC_IRQHandler                               /Users/muhsinfatih/developer/quadcopter/quadcopter/build/startup_stm32f4xx.o
TIM7_IRQHandler                                   /Users/muhsinfatih/developer/quadcopter/quadcopter/build/startup_stm32f4xx.o
TIM8_BRK_TIM12_IRQHandler                         /Users/muhsinfatih/developer/quadcopter/quadcopter/build/startup_stm32f4xx.o
TIM8_CC_IRQHandler                                /Users/muhsinfatih/developer/quadcopter/quadcopter/build/startup_stm32f4xx.o
TIM8_TRG_COM_TIM14_IRQHandler                     /Users/muhsinfatih/developer/quadcopter/quadcopter/build/startup_stm32f4xx.o
TIM8_UP_TIM13_IRQHandler                          /Users/muhsinfatih/developer/quadcopter/quadcopter/build/startup_stm32f4xx.o
UART4_IRQHandler                                  /Users/muhsinfatih/developer/quadcopter/quadcopter/build/startup_stm32f4xx.o
UART5_IRQHandler                                  /Users/muhsinfatih/developer/quadcopter/quadcopter/build/startup_stm32f4xx.o
USART1_IRQHandler                                 /Users/muhsinfatih/developer/quadcopter/quadcopter/build/startup_stm32f4xx.o
USART2_IRQHandler                                 /Users/muhsinfatih/developer/quadcopter/quadcopter/build/startup_stm32f4xx.o
USART3_IRQHandler                                 /Users/muhsinfatih/developer/quadcopter/quadcopter/build/startup_stm32f4xx.o
USART6_IRQHandler                                 /Users/muhsinfatih/developer/quadcopter/quadcopter/build/startup_stm32f4xx.o
UsageFault_Handler                                /Users/muhsinfatih/developer/quadcopter/quadcopter/build/startup_stm32f4xx.o
WWDG_IRQHandler                                   /Users/muhsinfatih/developer/quadcopter/quadcopter/build/startup_stm32f4xx.o
__bss_end__                                       /Users/muhsinfatih/developer/quadcopter/quadcopter/build/startup_stm32f4xx.o
__bss_start__                                     /Users/muhsinfatih/developer/quadcopter/quadcopter/build/startup_stm32f4xx.o
__data_end__                                      /Users/muhsinfatih/developer/quadcopter/quadcopter/build/startup_stm32f4xx.o
__data_start__                                    /Users/muhsinfatih/developer/quadcopter/quadcopter/build/startup_stm32f4xx.o
__sidata                                          /Users/muhsinfatih/developer/quadcopter/quadcopter/build/startup_stm32f4xx.o
_estack                                           /Users/muhsinfatih/developer/quadcopter/quadcopter/build/startup_stm32f4xx.o
disableSysTick                                    /Users/muhsinfatih/developer/quadcopter/quadcopter/build/main.o
enableSysTick                                     /Users/muhsinfatih/developer/quadcopter/quadcopter/build/main.o
g_pfnVectors                                      /Users/muhsinfatih/developer/quadcopter/quadcopter/build/startup_stm32f4xx.o
gpio                                              /Users/muhsinfatih/developer/quadcopter/quadcopter/build/main.o
loop                                              /Users/muhsinfatih/developer/quadcopter/quadcopter/build/main.o
main                                              /Users/muhsinfatih/developer/quadcopter/quadcopter/build/main.o
                                                  /Users/muhsinfatih/developer/quadcopter/quadcopter/build/startup_stm32f4xx.o
msTicks                                           /Users/muhsinfatih/developer/quadcopter/quadcopter/build/main.o
setSysTick                                        /Users/muhsinfatih/developer/quadcopter/quadcopter/build/main.o
turnOffLED                                        /Users/muhsinfatih/developer/quadcopter/quadcopter/build/CortexM4asmOps.o
turnOnLED                                         /Users/muhsinfatih/developer/quadcopter/quadcopter/build/CortexM4asmOps.o
